Archive member included to satisfy reference by file (symbol)

.\CortexM0\ARM_GCC_541\Release\CARD.a(USER_INFO.o)
                              .\CortexM0\ARM_GCC_541\Release\main.o (USER_INFO_Start)
.\CortexM0\ARM_GCC_541\Release\CARD.a(USB_UART.o)
                              .\CortexM0\ARM_GCC_541\Release\main.o (USB_UART_Start)
.\CortexM0\ARM_GCC_541\Release\CARD.a(USB_UART_SPI_UART.o)
                              .\CortexM0\ARM_GCC_541\Release\usbserialprotocol.o (USB_UART_SpiUartGetRxBufferSize)
.\CortexM0\ARM_GCC_541\Release\CARD.a(USB_UART_UART.o)
                              .\CortexM0\ARM_GCC_541\Release\CARD.a(USB_UART.o) (USB_UART_UartInit)
.\CortexM0\ARM_GCC_541\Release\CARD.a(Reset_isr.o)
                              .\CortexM0\ARM_GCC_541\Release\main.o (Reset_isr_StartEx)
.\CortexM0\ARM_GCC_541\Release\CARD.a(SW1.o)
                              .\CortexM0\ARM_GCC_541\Release\main.o (SW1_ClearInterrupt)
.\CortexM0\ARM_GCC_541\Release\CARD.a(CyFlash.o)
                              .\CortexM0\ARM_GCC_541\Release\CARD.a(USER_INFO.o) (CySysFlashWriteRow)
.\CortexM0\ARM_GCC_541\Release\CARD.a(CyLib.o)
                              .\CortexM0\ARM_GCC_541\Release\cyfitter_cfg.o (CyIntSetVector)
.\CortexM0\ARM_GCC_541\Release\CARD.a(CyLFClk.o)
                              .\CortexM0\ARM_GCC_541\Release\cyfitter_cfg.o (CySysWdtIsr)
.\CortexM0\ARM_GCC_541\Release\CARD.a(CyBootAsmGnu.o)
                              .\CortexM0\ARM_GCC_541\Release\CARD.a(CyLib.o) (CyDelayCycles)
.\CortexM0\ARM_GCC_541\Release\CARD.a(USB_UART_SPI_UART_INT.o)
                              .\CortexM0\ARM_GCC_541\Release\CARD.a(USB_UART_UART.o) (USB_UART_SPI_UART_ISR)
..\libhydrogen.cylib\CortexM0\ARM_GCC_541\Release\libhydrogen.a(hydrogen.o)
                              .\CortexM0\ARM_GCC_541\Release\main.o (hydro_secretbox_encrypt)
d:/programs/psoccreator/psoc creator/4.1/psoc creator/import/gnu/arm/5.4.1/bin/../lib/gcc/arm-none-eabi/5.4.1/armv6-m\libgcc.a(_udivsi3.o)
                              .\CortexM0\ARM_GCC_541\Release\CARD.a(CyLib.o) (__aeabi_uidiv)
d:/programs/psoccreator/psoc creator/4.1/psoc creator/import/gnu/arm/5.4.1/bin/../lib/gcc/arm-none-eabi/5.4.1/armv6-m\libgcc.a(_dvmd_tls.o)
                              d:/programs/psoccreator/psoc creator/4.1/psoc creator/import/gnu/arm/5.4.1/bin/../lib/gcc/arm-none-eabi/5.4.1/armv6-m\libgcc.a(_udivsi3.o) (__aeabi_idiv0)
d:/programs/psoccreator/psoc creator/4.1/psoc creator/import/gnu/arm/5.4.1/bin/../lib/gcc/arm-none-eabi/5.4.1/armv6-m\libgcc.a(_muldi3.o)
                              ..\libhydrogen.cylib\CortexM0\ARM_GCC_541\Release\libhydrogen.a(hydrogen.o) (__aeabi_lmul)
d:/programs/psoccreator/psoc creator/4.1/psoc creator/import/gnu/arm/5.4.1/bin/../lib/gcc/arm-none-eabi/5.4.1/../../../../arm-none-eabi/lib/armv6-m\libg_nano.a(lib_a-abort.o)
                              ..\libhydrogen.cylib\CortexM0\ARM_GCC_541\Release\libhydrogen.a(hydrogen.o) (abort)
d:/programs/psoccreator/psoc creator/4.1/psoc creator/import/gnu/arm/5.4.1/bin/../lib/gcc/arm-none-eabi/5.4.1/../../../../arm-none-eabi/lib/armv6-m\libg_nano.a(lib_a-errno.o)
                              .\CortexM0\ARM_GCC_541\Release\Cm0Start.o (__errno)
d:/programs/psoccreator/psoc creator/4.1/psoc creator/import/gnu/arm/5.4.1/bin/../lib/gcc/arm-none-eabi/5.4.1/../../../../arm-none-eabi/lib/armv6-m\libg_nano.a(lib_a-exit.o)
                              d:/programs/psoccreator/psoc creator/4.1/psoc creator/import/gnu/arm/5.4.1/bin/../lib/gcc/arm-none-eabi/5.4.1/../../../../arm-none-eabi/lib/armv6-m/crt0.o (exit)
d:/programs/psoccreator/psoc creator/4.1/psoc creator/import/gnu/arm/5.4.1/bin/../lib/gcc/arm-none-eabi/5.4.1/../../../../arm-none-eabi/lib/armv6-m\libg_nano.a(lib_a-impure.o)
                              d:/programs/psoccreator/psoc creator/4.1/psoc creator/import/gnu/arm/5.4.1/bin/../lib/gcc/arm-none-eabi/5.4.1/../../../../arm-none-eabi/lib/armv6-m\libg_nano.a(lib_a-exit.o) (_global_impure_ptr)
d:/programs/psoccreator/psoc creator/4.1/psoc creator/import/gnu/arm/5.4.1/bin/../lib/gcc/arm-none-eabi/5.4.1/../../../../arm-none-eabi/lib/armv6-m\libg_nano.a(lib_a-init.o)
                              d:/programs/psoccreator/psoc creator/4.1/psoc creator/import/gnu/arm/5.4.1/bin/../lib/gcc/arm-none-eabi/5.4.1/../../../../arm-none-eabi/lib/armv6-m/crt0.o (__libc_init_array)
d:/programs/psoccreator/psoc creator/4.1/psoc creator/import/gnu/arm/5.4.1/bin/../lib/gcc/arm-none-eabi/5.4.1/../../../../arm-none-eabi/lib/armv6-m\libg_nano.a(lib_a-memcpy-stub.o)
                              .\CortexM0\ARM_GCC_541\Release\cyfitter_cfg.o (memcpy)
d:/programs/psoccreator/psoc creator/4.1/psoc creator/import/gnu/arm/5.4.1/bin/../lib/gcc/arm-none-eabi/5.4.1/../../../../arm-none-eabi/lib/armv6-m\libg_nano.a(lib_a-memmove.o)
                              ..\libhydrogen.cylib\CortexM0\ARM_GCC_541\Release\libhydrogen.a(hydrogen.o) (memmove)
[...]
Memory Configuration

Name             Origin             Length             Attributes
rom              0x00000000         0x00008000         xr
ram              0x20000000         0x00001000         xrw
*default*        0x00000000         0xffffffff

Linker script and memory map

LOAD d:/programs/psoccreator/psoc creator/4.1/psoc creator/import/gnu/arm/5.4.1/bin/../lib/gcc/arm-none-eabi/5.4.1/armv6-m/crti.o
LOAD d:/programs/psoccreator/psoc creator/4.1/psoc creator/import/gnu/arm/5.4.1/bin/../lib/gcc/arm-none-eabi/5.4.1/armv6-m/crtbegin.o
LOAD d:/programs/psoccreator/psoc creator/4.1/psoc creator/import/gnu/arm/5.4.1/bin/../lib/gcc/arm-none-eabi/5.4.1/../../../../arm-none-eabi/lib/armv6-m/crt0.o
START GROUP
LOAD .\CortexM0\ARM_GCC_541\Release\main.o
LOAD .\CortexM0\ARM_GCC_541\Release\usbserialprotocol.o
LOAD .\CortexM0\ARM_GCC_541\Release\cyfitter_cfg.o
LOAD .\CortexM0\ARM_GCC_541\Release\cymetadata.o
LOAD .\CortexM0\ARM_GCC_541\Release\Cm0Start.o
LOAD .\CortexM0\ARM_GCC_541\Release\CARD.a
LOAD ..\libhydrogen.cylib\CortexM0\ARM_GCC_541\Release\libhydrogen.a
LOAD D:\Programs\PSoCCreator\PSoC Creator\4.1\PSoC Creator\psoc\content\cycomponentlibrary\CyComponentLibrary.cylib\CortexM0\ARM_GCC_541\Release\CyComponentLibrary.a
END GROUP
START GROUP
LOAD d:/programs/psoccreator/psoc creator/4.1/psoc creator/import/gnu/arm/5.4.1/bin/../lib/gcc/arm-none-eabi/5.4.1/armv6-m\libgcc.a
LOAD d:/programs/psoccreator/psoc creator/4.1/psoc creator/import/gnu/arm/5.4.1/bin/../lib/gcc/arm-none-eabi/5.4.1/../../../../arm-none-eabi/lib/armv6-m\libg_nano.a
LOAD d:/programs/psoccreator/psoc creator/4.1/psoc creator/import/gnu/arm/5.4.1/bin/../lib/gcc/arm-none-eabi/5.4.1/../../../../arm-none-eabi/lib/armv6-m\libc_nano.a
END GROUP
START GROUP
LOAD d:/programs/psoccreator/psoc creator/4.1/psoc creator/import/gnu/arm/5.4.1/bin/../lib/gcc/arm-none-eabi/5.4.1/armv6-m\libgcc.a
LOAD d:/programs/psoccreator/psoc creator/4.1/psoc creator/import/gnu/arm/5.4.1/bin/../lib/gcc/arm-none-eabi/5.4.1/../../../../arm-none-eabi/lib/armv6-m\libc_nano.a
END GROUP
LOAD d:/programs/psoccreator/psoc creator/4.1/psoc creator/import/gnu/arm/5.4.1/bin/../lib/gcc/arm-none-eabi/5.4.1/armv6-m/crtend.o
LOAD d:/programs/psoccreator/psoc creator/4.1/psoc creator/import/gnu/arm/5.4.1/bin/../lib/gcc/arm-none-eabi/5.4.1/armv6-m/crtn.o
START GROUP
LOAD d:/programs/psoccreator/psoc creator/4.1/psoc creator/import/gnu/arm/5.4.1/bin/../lib/gcc/arm-none-eabi/5.4.1/armv6-m\libgcc.a
LOAD d:/programs/psoccreator/psoc creator/4.1/psoc creator/import/gnu/arm/5.4.1/bin/../lib/gcc/arm-none-eabi/5.4.1/../../../../arm-none-eabi/lib/armv6-m\libc.a
LOAD d:/programs/psoccreator/psoc creator/4.1/psoc creator/import/gnu/arm/5.4.1/bin/../lib/gcc/arm-none-eabi/5.4.1/../../../../arm-none-eabi/lib/armv6-m\libnosys.a
END GROUP
                0x00000000                CY_APPL_ORIGIN = 0x0
                0x00000080                CY_FLASH_ROW_SIZE = 0x80
                0x00000001                CY_APPL_NUM = 0x1
                0x00000001                CY_APPL_MAX = 0x1
                0x00000040                CY_METADATA_SIZE = 0x40
                0x00000000                CY_APPL_LOADABLE = 0x0
                0x00000000                CY_CHECKSUM_EXCLUDE_SIZE = ALIGN (0x0, CY_FLASH_ROW_SIZE)
                0x00000000                CY_APP_FOR_STACK_AND_COPIER = 0x0
                [!provide]                PROVIDE (__cy_heap_start, _end)
                0x00000001                PROVIDE (__cy_region_num, ((__cy_regions_end - __cy_regions) / 0x10))
                0x20001000                PROVIDE (__cy_stack, (ORIGIN (ram) + LENGTH (ram)))
                [!provide]                PROVIDE (__cy_heap_end, (__cy_stack - 0x400))

.cybootloader   0x00000000        0x0
 *(.cybootloader)
                0x00000000                appl1_start = CY_APPL_ORIGIN?CY_APPL_ORIGIN:ALIGN (CY_FLASH_ROW_SIZE)
                0x00003f80                appl2_start = (appl1_start + ALIGN ((((LENGTH (rom) - appl1_start) - (0x2 * CY_FLASH_ROW_SIZE)) / 0x2), CY_FLASH_ROW_SIZE))
                0x00000000                appl_start = (CY_APPL_NUM == 0x1)?appl1_start:appl2_start
                0x00000001                cy_project_type_bootloader = (appl_start == 0x0)?0x1:0x0
                0x00000000                cy_project_type_app_for_stack_and_copier = (CY_APP_FOR_STACK_AND_COPIER == 0x1)?0x1:0x0

.text           0x00000000     0x1d5c
 CREATE_OBJECT_SYMBOLS
                0x00000000                PROVIDE (__cy_interrupt_vector, RomVectors)
 *(.romvectors)
 .romvectors    0x00000000       0x10 .\CortexM0\ARM_GCC_541\Release\Cm0Start.o
                0x00000000                RomVectors
                0x00000001                ASSERT ((. != __cy_interrupt_vector), No interrupt vector)
                0x00000001                ASSERT (CY_APPL_ORIGIN?(SIZEOF (.cybootloader) <= CY_APPL_ORIGIN):0x1, Wrong image location)
                0x00000010                PROVIDE (__cy_reset, Reset)
 *(.text.Reset)
 .text.Reset    0x00000010        0x6 .\CortexM0\ARM_GCC_541\Release\Cm0Start.o
                0x00000010                Reset
                0x00000001                ASSERT ((. != __cy_reset), No reset code)
 *(.psocinit)
 *fill*         0x00000016        0x2 
 .psocinit      0x00000018      0x218 .\CortexM0\ARM_GCC_541\Release\cyfitter_cfg.o
                0x00000018                cyfitter_cfg
                0x00000230                . = MAX (., 0x100)
 *(.text .text.* .gnu.linkonce.t.*)
 .text          0x00000230       0x60 d:/programs/psoccreator/psoc creator/4.1/psoc creator/import/gnu/arm/5.4.1/bin/../lib/gcc/arm-none-eabi/5.4.1/armv6-m/crtbegin.o
 .text.Reset_ISR
                0x00000290       0x18 .\CortexM0\ARM_GCC_541\Release\main.o
                0x00000290                Reset_ISR
 .text.provision
                0x000002a8       0x58 .\CortexM0\ARM_GCC_541\Release\main.o
                0x000002a8                provision
 .text.startup.main
                0x00000300      0x14c .\CortexM0\ARM_GCC_541\Release\main.o
                0x00000300                main
 .text.getValidByte
                0x0000044c       0x12 .\CortexM0\ARM_GCC_541\Release\usbserialprotocol.o
                0x0000044c                getValidByte
 .text.pushMessage
                0x0000045e       0x22 .\CortexM0\ARM_GCC_541\Release\usbserialprotocol.o
                0x0000045e                pushMessage
 .text.pullMessage
                0x00000480       0x20 .\CortexM0\ARM_GCC_541\Release\usbserialprotocol.o
                0x00000480                pullMessage
 .text.pullMessage2
                0x000004a0       0x1a .\CortexM0\ARM_GCC_541\Release\usbserialprotocol.o
                0x000004a0                pullMessage2
 *fill*         0x000004ba        0x2 
 .text.syncConnection
                0x000004bc       0x68 .\CortexM0\ARM_GCC_541\Release\usbserialprotocol.o
                0x000004bc                syncConnection
 .text.IntDefaultHandler
                0x00000524       0x10 .\CortexM0\ARM_GCC_541\Release\Cm0Start.o
                0x00000524                IntDefaultHandler
 .text._exit    0x00000534        0xa .\CortexM0\ARM_GCC_541\Release\Cm0Start.o
                0x00000534                _exit
 *fill*         0x0000053e        0x2 
 .text.Start_c  0x00000540       0x4c .\CortexM0\ARM_GCC_541\Release\Cm0Start.o
                0x00000540                Start_c
 .text.startup.initialize_psoc
                0x0000058c       0x3c .\CortexM0\ARM_GCC_541\Release\Cm0Start.o
                0x0000058c                initialize_psoc
 .text.USER_INFO_Start
                0x000005c8        0x2 .\CortexM0\ARM_GCC_541\Release\CARD.a(USER_INFO.o)
                0x000005c8                USER_INFO_Start
 .text.USER_INFO_Write
                0x000005ca       0x78 .\CortexM0\ARM_GCC_541\Release\CARD.a(USER_INFO.o)
                0x000005ca                USER_INFO_Write
 *fill*         0x00000642        0x2 
 .text.USB_UART_Enable
                0x00000644       0x20 .\CortexM0\ARM_GCC_541\Release\CARD.a(USB_UART.o)
                0x00000644                USB_UART_Enable
 .text.USB_UART_Start
                0x00000664       0x1c .\CortexM0\ARM_GCC_541\Release\CARD.a(USB_UART.o)
                0x00000664                USB_UART_Start
 .text.USB_UART_SpiUartReadRxData
                0x00000680       0x30 .\CortexM0\ARM_GCC_541\Release\CARD.a(USB_UART_SPI_UART.o)
                0x00000680                USB_UART_SpiUartReadRxData
 .text.USB_UART_SpiUartGetRxBufferSize
                0x000006b0       0x1c .\CortexM0\ARM_GCC_541\Release\CARD.a(USB_UART_SPI_UART.o)
                0x000006b0                USB_UART_SpiUartGetRxBufferSize
 .text.USB_UART_SpiUartWriteTxData
                0x000006cc       0x6c .\CortexM0\ARM_GCC_541\Release\CARD.a(USB_UART_SPI_UART.o)
                0x000006cc                USB_UART_SpiUartWriteTxData
 .text.USB_UART_UartInit
                0x00000738       0xdc .\CortexM0\ARM_GCC_541\Release\CARD.a(USB_UART_UART.o)
                0x00000738                USB_UART_UartInit
 .text.USB_UART_UartPostEnable
                0x00000814       0x24 .\CortexM0\ARM_GCC_541\Release\CARD.a(USB_UART_UART.o)
                0x00000814                USB_UART_UartPostEnable
 .text.USB_UART_UartGetByte
                0x00000838       0x4c .\CortexM0\ARM_GCC_541\Release\CARD.a(USB_UART_UART.o)
                0x00000838                USB_UART_UartGetByte
 .text.Reset_isr_SetPriority
                0x00000884       0x20 .\CortexM0\ARM_GCC_541\Release\CARD.a(Reset_isr.o)
                0x00000884                Reset_isr_SetPriority
 .text.Reset_isr_StartEx
                0x000008a4       0x24 .\CortexM0\ARM_GCC_541\Release\CARD.a(Reset_isr.o)
                0x000008a4                Reset_isr_StartEx
 .text.SW1_ClearInterrupt
                0x000008c8       0x14 .\CortexM0\ARM_GCC_541\Release\CARD.a(SW1.o)
                0x000008c8                SW1_ClearInterrupt
 .text.CySysFlashWriteRow
                0x000008dc      0x1b0 .\CortexM0\ARM_GCC_541\Release\CARD.a(CyFlash.o)
                0x000008dc                CySysFlashWriteRow
 .text.CyIntSetVector
                0x00000a8c       0x10 .\CortexM0\ARM_GCC_541\Release\CARD.a(CyLib.o)
                0x00000a8c                CyIntSetVector
 .text.CyIntSetPriority
                0x00000a9c       0x34 .\CortexM0\ARM_GCC_541\Release\CARD.a(CyLib.o)
                0x00000a9c                CyIntSetPriority
 .text.CyIntEnable
                0x00000ad0       0x14 .\CortexM0\ARM_GCC_541\Release\CARD.a(CyLib.o)
                0x00000ad0                CyIntEnable
 .text.CyIntDisable
                0x00000ae4       0x14 .\CortexM0\ARM_GCC_541\Release\CARD.a(CyLib.o)
                0x00000ae4                CyIntDisable
 .text.CyHalt   0x00000af8        0x4 .\CortexM0\ARM_GCC_541\Release\CARD.a(CyLib.o)
                0x00000af8                CyHalt
 .text.CySoftwareReset
                0x00000afc       0x18 .\CortexM0\ARM_GCC_541\Release\CARD.a(CyLib.o)
                0x00000afc                CySoftwareReset
 .text.CyDelayUs
                0x00000b14       0x14 .\CortexM0\ARM_GCC_541\Release\CARD.a(CyLib.o)
                0x00000b14                CyDelayUs
 .text.CySysClkWriteImoFreq
                0x00000b28      0x124 .\CortexM0\ARM_GCC_541\Release\CARD.a(CyLib.o)
                0x00000b28                CySysClkWriteImoFreq
 .text.CySysWdtLock
                0x00000c4c       0x1c .\CortexM0\ARM_GCC_541\Release\CARD.a(CyLFClk.o)
                0x00000c4c                CySysWdtLock
 .text.CySysWdtUnlock
                0x00000c68       0x30 .\CortexM0\ARM_GCC_541\Release\CARD.a(CyLFClk.o)
                0x00000c68                CySysWdtUnlock
 .text.CySysWdtClearInterrupt
                0x00000c98       0x54 .\CortexM0\ARM_GCC_541\Release\CARD.a(CyLFClk.o)
                0x00000c98                CySysWdtClearInterrupt
 .text.CySysWdtIsr
                0x00000cec       0xa0 .\CortexM0\ARM_GCC_541\Release\CARD.a(CyLFClk.o)
                0x00000cec                CySysWdtIsr
 *fill*         0x00000d8c        0x4 
 .text          0x00000d90       0x24 .\CortexM0\ARM_GCC_541\Release\CARD.a(CyBootAsmGnu.o)
                0x00000d90                CyDelayCycles
                0x00000da4                CyEnterCriticalSection
                0x00000dac                CyExitCriticalSection
 .text.USB_UART_SPI_UART_ISR
                0x00000db4       0xdc .\CortexM0\ARM_GCC_541\Release\CARD.a(USB_UART_SPI_UART_INT.o)
                0x00000db4                USB_UART_SPI_UART_ISR
 .text.mem_cpy  0x00000e90       0x12 ..\libhydrogen.cylib\CortexM0\ARM_GCC_541\Release\libhydrogen.a(hydrogen.o)
 .text.mem_zero
                0x00000ea2       0x10 ..\libhydrogen.cylib\CortexM0\ARM_GCC_541\Release\libhydrogen.a(hydrogen.o)
 .text.mem_xor  0x00000eb2       0x16 ..\libhydrogen.cylib\CortexM0\ARM_GCC_541\Release\libhydrogen.a(hydrogen.o)
 .text.mem_xor2
                0x00000ec8       0x16 ..\libhydrogen.cylib\CortexM0\ARM_GCC_541\Release\libhydrogen.a(hydrogen.o)
 *fill*         0x00000ede        0x2 
 .text.gimli_core_u8
                0x00000ee0       0x94 ..\libhydrogen.cylib\CortexM0\ARM_GCC_541\Release\libhydrogen.a(hydrogen.o)
 .text.hydro_secretbox_finalize
                0x00000f74       0x30 ..\libhydrogen.cylib\CortexM0\ARM_GCC_541\Release\libhydrogen.a(hydrogen.o)
 .text.hydro_x25519_propagate
                0x00000fa4       0x38 ..\libhydrogen.cylib\CortexM0\ARM_GCC_541\Release\libhydrogen.a(hydrogen.o)
 .text.hydro_x25519_add
                0x00000fdc       0x44 ..\libhydrogen.cylib\CortexM0\ARM_GCC_541\Release\libhydrogen.a(hydrogen.o)
 .text.hydro_x25519_sub
                0x00001020       0x4a ..\libhydrogen.cylib\CortexM0\ARM_GCC_541\Release\libhydrogen.a(hydrogen.o)
 .text.hydro_x25519_mul
                0x0000106a       0xbc ..\libhydrogen.cylib\CortexM0\ARM_GCC_541\Release\libhydrogen.a(hydrogen.o)
 .text.hydro_x25519_mul1
                0x00001126        0xc ..\libhydrogen.cylib\CortexM0\ARM_GCC_541\Release\libhydrogen.a(hydrogen.o)
 .text.hydro_x25519_condswap
                0x00001132       0x1e ..\libhydrogen.cylib\CortexM0\ARM_GCC_541\Release\libhydrogen.a(hydrogen.o)
 .text.hydro_x25519_canon
                0x00001150       0x7a ..\libhydrogen.cylib\CortexM0\ARM_GCC_541\Release\libhydrogen.a(hydrogen.o)
 *fill*         0x000011ca        0x2 
 .text.hydro_x25519_sc_montmul
                0x000011cc      0x17c ..\libhydrogen.cylib\CortexM0\ARM_GCC_541\Release\libhydrogen.a(hydrogen.o)
 .text.hydro_secretbox_setup
                0x00001348       0xac ..\libhydrogen.cylib\CortexM0\ARM_GCC_541\Release\libhydrogen.a(hydrogen.o)
 .text.hydro_x25519_swapin
                0x000013f4        0xa ..\libhydrogen.cylib\CortexM0\ARM_GCC_541\Release\libhydrogen.a(hydrogen.o)
 .text.hydro_x25519_swapout
                0x000013fe        0xa ..\libhydrogen.cylib\CortexM0\ARM_GCC_541\Release\libhydrogen.a(hydrogen.o)
 .text.hydro_kx_aead_xor_enc
                0x00001408       0x84 ..\libhydrogen.cylib\CortexM0\ARM_GCC_541\Release\libhydrogen.a(hydrogen.o)
 .text.hydro_x25519_ladder_part1
                0x0000148c       0x9c ..\libhydrogen.cylib\CortexM0\ARM_GCC_541\Release\libhydrogen.a(hydrogen.o)
 .text.hydro_x25519_core
                0x00001528       0xd2 ..\libhydrogen.cylib\CortexM0\ARM_GCC_541\Release\libhydrogen.a(hydrogen.o)
 .text.hydro_x25519_scalarmult
                0x000015fa       0x5a ..\libhydrogen.cylib\CortexM0\ARM_GCC_541\Release\libhydrogen.a(hydrogen.o)
 .text.hydro_x25519_scalarmult_base_uniform
                0x00001654       0x1c ..\libhydrogen.cylib\CortexM0\ARM_GCC_541\Release\libhydrogen.a(hydrogen.o)
 .text.hydro_random_ratchet
                0x00001670       0x34 ..\libhydrogen.cylib\CortexM0\ARM_GCC_541\Release\libhydrogen.a(hydrogen.o)
                0x00001670                hydro_random_ratchet
 .text.hydro_random_buf
                0x000016a4       0x50 ..\libhydrogen.cylib\CortexM0\ARM_GCC_541\Release\libhydrogen.a(hydrogen.o)
                0x000016a4                hydro_random_buf
 .text.hydro_random_buf_deterministic
                0x000016f4       0xa8 ..\libhydrogen.cylib\CortexM0\ARM_GCC_541\Release\libhydrogen.a(hydrogen.o)
                0x000016f4                hydro_random_buf_deterministic
 .text.hydro_hash_update
                0x0000179c       0x5c ..\libhydrogen.cylib\CortexM0\ARM_GCC_541\Release\libhydrogen.a(hydrogen.o)
                0x0000179c                hydro_hash_update
 .text.hydro_hash_init
                0x000017f8       0x78 ..\libhydrogen.cylib\CortexM0\ARM_GCC_541\Release\libhydrogen.a(hydrogen.o)
                0x000017f8                hydro_hash_init
 .text.hydro_hash_final
                0x00001870       0x90 ..\libhydrogen.cylib\CortexM0\ARM_GCC_541\Release\libhydrogen.a(hydrogen.o)
                0x00001870                hydro_hash_final
 .text.hydro_sign_challenge
                0x00001900       0x48 ..\libhydrogen.cylib\CortexM0\ARM_GCC_541\Release\libhydrogen.a(hydrogen.o)
 .text.hydro_secretbox_encrypt
                0x00001948      0x108 ..\libhydrogen.cylib\CortexM0\ARM_GCC_541\Release\libhydrogen.a(hydrogen.o)
                0x00001948                hydro_secretbox_encrypt
 .text.hydro_sign_keygen_deterministic
                0x00001a50       0x28 ..\libhydrogen.cylib\CortexM0\ARM_GCC_541\Release\libhydrogen.a(hydrogen.o)
                0x00001a50                hydro_sign_keygen_deterministic
 .text.hydro_sign_init
                0x00001a78        0xa ..\libhydrogen.cylib\CortexM0\ARM_GCC_541\Release\libhydrogen.a(hydrogen.o)
                0x00001a78                hydro_sign_init
 *fill*         0x00001a82        0x2 
 .text.hydro_sign_final_create
                0x00001a84       0xa8 ..\libhydrogen.cylib\CortexM0\ARM_GCC_541\Release\libhydrogen.a(hydrogen.o)
                0x00001a84                hydro_sign_final_create
 .text.hydro_sign_create
                0x00001b2c       0x3c ..\libhydrogen.cylib\CortexM0\ARM_GCC_541\Release\libhydrogen.a(hydrogen.o)
                0x00001b2c                hydro_sign_create
 .text          0x00001b68       0x58 d:/programs/psoccreator/psoc creator/4.1/psoc creator/import/gnu/arm/5.4.1/bin/../lib/gcc/arm-none-eabi/5.4.1/armv6-m\libgcc.a(_muldi3.o)
                0x00001b68                __muldi3
                0x00001b68                __aeabi_lmul
 .text.abort    0x00001bc0        0xe d:/programs/psoccreator/psoc creator/4.1/psoc creator/import/gnu/arm/5.4.1/bin/../lib/gcc/arm-none-eabi/5.4.1/../../../../arm-none-eabi/lib/armv6-m\libg_nano.a(lib_a-abort.o)
                0x00001bc0                abort
 *fill*         0x00001bce        0x2 
 .text.__errno  0x00001bd0        0xc d:/programs/psoccreator/psoc creator/4.1/psoc creator/import/gnu/arm/5.4.1/bin/../lib/gcc/arm-none-eabi/5.4.1/../../../../arm-none-eabi/lib/armv6-m\libg_nano.a(lib_a-errno.o)
                0x00001bd0                __errno
 .text.__libc_init_array
                0x00001bdc       0x4c d:/programs/psoccreator/psoc creator/4.1/psoc creator/import/gnu/arm/5.4.1/bin/../lib/gcc/arm-none-eabi/5.4.1/../../../../arm-none-eabi/lib/armv6-m\libg_nano.a(lib_a-init.o)
                0x00001bdc                __libc_init_array
 .text.memcpy   0x00001c28       0x12 d:/programs/psoccreator/psoc creator/4.1/psoc creator/import/gnu/arm/5.4.1/bin/../lib/gcc/arm-none-eabi/5.4.1/../../../../arm-none-eabi/lib/armv6-m\libg_nano.a(lib_a-memcpy-stub.o)
                0x00001c28                memcpy
 .text.memmove  0x00001c3a       0x2a d:/programs/psoccreator/psoc creator/4.1/psoc creator/import/gnu/arm/5.4.1/bin/../lib/gcc/arm-none-eabi/5.4.1/../../../../arm-none-eabi/lib/armv6-m\libg_nano.a(lib_a-memmove.o)
                0x00001c3a                memmove
 .text.memset   0x00001c64       0x10 d:/programs/psoccreator/psoc creator/4.1/psoc creator/import/gnu/arm/5.4.1/bin/../lib/gcc/arm-none-eabi/5.4.1/../../../../arm-none-eabi/lib/armv6-m\libg_nano.a(lib_a-memset.o)
                0x00001c64                memset
 .text._raise_r
                0x00001c74       0x54 d:/programs/psoccreator/psoc creator/4.1/psoc creator/import/gnu/arm/5.4.1/bin/../lib/gcc/arm-none-eabi/5.4.1/../../../../arm-none-eabi/lib/armv6-m\libg_nano.a(lib_a-signal.o)
                0x00001c74                _raise_r
 .text.raise    0x00001cc8       0x14 d:/programs/psoccreator/psoc creator/4.1/psoc creator/import/gnu/arm/5.4.1/bin/../lib/gcc/arm-none-eabi/5.4.1/../../../../arm-none-eabi/lib/armv6-m\libg_nano.a(lib_a-signal.o)
                0x00001cc8                raise
 .text._kill_r  0x00001cdc       0x24 d:/programs/psoccreator/psoc creator/4.1/psoc creator/import/gnu/arm/5.4.1/bin/../lib/gcc/arm-none-eabi/5.4.1/../../../../arm-none-eabi/lib/armv6-m\libg_nano.a(lib_a-signalr.o)
                0x00001cdc                _kill_r
 .text._getpid_r
                0x00001d00        0x8 d:/programs/psoccreator/psoc creator/4.1/psoc creator/import/gnu/arm/5.4.1/bin/../lib/gcc/arm-none-eabi/5.4.1/../../../../arm-none-eabi/lib/armv6-m\libg_nano.a(lib_a-signalr.o)
                0x00001d00                _getpid_r
 .text          0x00001d08       0x14 d:/programs/psoccreator/psoc creator/4.1/psoc creator/import/gnu/arm/5.4.1/bin/../lib/gcc/arm-none-eabi/5.4.1/../../../../arm-none-eabi/lib/armv6-m\libg_nano.a(lib_a-strcmp.o)
                0x00001d08                strcmp
 .text.strcpy   0x00001d1c       0x10 d:/programs/psoccreator/psoc creator/4.1/psoc creator/import/gnu/arm/5.4.1/bin/../lib/gcc/arm-none-eabi/5.4.1/../../../../arm-none-eabi/lib/armv6-m\libg_nano.a(lib_a-strcpy.o)
                0x00001d1c                strcpy
 .text          0x00001d2c        0xe d:/programs/psoccreator/psoc creator/4.1/psoc creator/import/gnu/arm/5.4.1/bin/../lib/gcc/arm-none-eabi/5.4.1/../../../../arm-none-eabi/lib/armv6-m\libg_nano.a(lib_a-strlen.o)
                0x00001d2c                strlen
 *fill*         0x00001d3a        0x2 
 .text._getpid  0x00001d3c       0x10 d:/programs/psoccreator/psoc creator/4.1/psoc creator/import/gnu/arm/5.4.1/bin/../lib/gcc/arm-none-eabi/5.4.1/../../../../arm-none-eabi/lib/armv6-m\libnosys.a(getpid.o)
                0x00001d3c                _getpid
 .text._kill    0x00001d4c       0x10 d:/programs/psoccreator/psoc creator/4.1/psoc creator/import/gnu/arm/5.4.1/bin/../lib/gcc/arm-none-eabi/5.4.1/../../../../arm-none-eabi/lib/armv6-m\libnosys.a(kill.o)
                0x00001d4c                _kill
 *(.plt)
 *(.gnu.warning)
 *(.glue_7t)
 .glue_7t       0x00001d5c        0x0 linker stubs
 *(.glue_7)
 .glue_7        0x00001d5c        0x0 linker stubs
 *(.vfp11_veneer)
 .vfp11_veneer  0x00001d5c        0x0 linker stubs
 *(.bootloader)
 *(.ARM.extab* .gnu.linkonce.armextab.*)
 *(.gcc_except_table)

.v4_bx          0x00001d5c        0x0
 .v4_bx         0x00001d5c        0x0 linker stubs

.iplt           0x00001d5c        0x0
 .iplt          0x00001d5c        0x0 d:/programs/psoccreator/psoc creator/4.1/psoc creator/import/gnu/arm/5.4.1/bin/../lib/gcc/arm-none-eabi/5.4.1/armv6-m/crtbegin.o

.eh_frame_hdr
 *(.eh_frame_hdr)

.eh_frame       0x00001d5c        0x4
 *(.eh_frame)
 .eh_frame      0x00001d5c        0x0 d:/programs/psoccreator/psoc creator/4.1/psoc creator/import/gnu/arm/5.4.1/bin/../lib/gcc/arm-none-eabi/5.4.1/armv6-m/crtbegin.o
 .eh_frame      0x00001d5c        0x4 d:/programs/psoccreator/psoc creator/4.1/psoc creator/import/gnu/arm/5.4.1/bin/../lib/gcc/arm-none-eabi/5.4.1/armv6-m/crtend.o
                [!provide]                PROVIDE (__exidx_start, .)

.ARM.exidx
 *(.ARM.exidx* .gnu.linkonce.armexidx.*)
                0x00001d60                __exidx_end = .

.rodata         0x00001d60      0x490
 *(.rodata .rodata.* .gnu.linkonce.r.*)
 .rodata        0x00001d60       0x45 .\CortexM0\ARM_GCC_541\Release\main.o
 .rodata.str1.1
                0x00001da5       0x22 .\CortexM0\ARM_GCC_541\Release\main.o
                                 0x24 (size before relaxing)
 .rodata.str1.1
                0x00001dc7       0x1b .\CortexM0\ARM_GCC_541\Release\usbserialprotocol.o
 *fill*         0x00001de2        0x2 
 .rodata        0x00001de4      0x2ea .\CortexM0\ARM_GCC_541\Release\cyfitter_cfg.o
 .rodata        0x000020ce       0x2e .\CortexM0\ARM_GCC_541\Release\CARD.a(CyLib.o)
                0x000020ce                cyImoFreqMhz2Reg
 .rodata        0x000020fc       0xbc ..\libhydrogen.cylib\CortexM0\ARM_GCC_541\Release\libhydrogen.a(hydrogen.o)
 .rodata.str1.1
                0x000021b8        0x2 d:/programs/psoccreator/psoc creator/4.1/psoc creator/import/gnu/arm/5.4.1/bin/../lib/gcc/arm-none-eabi/5.4.1/../../../../arm-none-eabi/lib/armv6-m\libg_nano.a(lib_a-impure.o)
                0x000021bc                . = ALIGN (0x4)
 *fill*         0x000021ba        0x2 
 *(.init)
 .init          0x000021bc        0x4 d:/programs/psoccreator/psoc creator/4.1/psoc creator/import/gnu/arm/5.4.1/bin/../lib/gcc/arm-none-eabi/5.4.1/armv6-m/crti.o
                0x000021bc                _init
 .init          0x000021c0        0x8 d:/programs/psoccreator/psoc creator/4.1/psoc creator/import/gnu/arm/5.4.1/bin/../lib/gcc/arm-none-eabi/5.4.1/armv6-m/crtn.o
                0x000021c8                . = ALIGN (0x4)
                0x000021c8                __preinit_array_start = .
 *(.preinit_array)
                0x000021c8                __preinit_array_end = .
                0x000021c8                . = ALIGN (0x4)
                0x000021c8                __init_array_start = .
 *(SORT(.init_array.*))
 *(.init_array)
 .init_array    0x000021c8        0x4 d:/programs/psoccreator/psoc creator/4.1/psoc creator/import/gnu/arm/5.4.1/bin/../lib/gcc/arm-none-eabi/5.4.1/armv6-m/crtbegin.o
 .init_array    0x000021cc        0x4 .\CortexM0\ARM_GCC_541\Release\Cm0Start.o
                0x000021d0                __init_array_end = .
                0x000021d0                . = ALIGN (0x4)
 *(.fini)
 .fini          0x000021d0        0x4 d:/programs/psoccreator/psoc creator/4.1/psoc creator/import/gnu/arm/5.4.1/bin/../lib/gcc/arm-none-eabi/5.4.1/armv6-m/crti.o
                0x000021d0                _fini
 .fini          0x000021d4        0x8 d:/programs/psoccreator/psoc creator/4.1/psoc creator/import/gnu/arm/5.4.1/bin/../lib/gcc/arm-none-eabi/5.4.1/armv6-m/crtn.o
                0x000021dc                . = ALIGN (0x4)
                0x000021dc                __fini_array_start = .
 *(.fini_array)
 .fini_array    0x000021dc        0x4 d:/programs/psoccreator/psoc creator/4.1/psoc creator/import/gnu/arm/5.4.1/bin/../lib/gcc/arm-none-eabi/5.4.1/armv6-m/crtbegin.o
 *(SORT(.fini_array.*))
                0x000021e0                __fini_array_end = .
                0x000021e0                . = ALIGN (0x4)
 *crtbegin.o(.ctors)
 *(EXCLUDE_FILE(*crtend.o) .ctors)
 *(SORT(.ctors.*))
 *crtend.o(.ctors)
                0x000021e0                . = ALIGN (0x4)
 *crtbegin.o(.dtors)
 *(EXCLUDE_FILE(*crtend.o) .dtors)
 *(SORT(.dtors.*))
 *crtend.o(.dtors)
                0x000021e0                . = ALIGN (0x4)
                0x000021e0                __cy_regions = .
                0x000021e0        0x4 LONG 0x21f0 __cy_region_init_ram
                0x000021e4        0x4 LONG 0x200000c0 __cy_region_start_data
                0x000021e8        0x4 LONG 0x80 __cy_region_init_size_ram
                0x000021ec        0x4 LONG 0x350 __cy_region_zero_size_ram
                0x000021f0                __cy_regions_end = .
                0x000021f0                . = ALIGN (0x8)
                0x000021f0                _etext = .

.cy_checksum_exclude
                0x000021f0        0x0
 *(.cy_checksum_exclude)

.ramvectors     0x20000000       0xc0
                0x20000000                __cy_region_start_ram = .
 *(.ramvectors)
 .ramvectors    0x20000000       0xc0 .\CortexM0\ARM_GCC_541\Release\Cm0Start.o
                0x20000000                CyRamVectors

.noinit
 *(.noinit)

.data           0x200000c0       0x80 load address 0x000021f0
                0x200000c0                __cy_region_start_data = .
 *(.jcr)
 .jcr           0x200000c0        0x0 d:/programs/psoccreator/psoc creator/4.1/psoc creator/import/gnu/arm/5.4.1/bin/../lib/gcc/arm-none-eabi/5.4.1/armv6-m/crtbegin.o
 .jcr           0x200000c0        0x4 d:/programs/psoccreator/psoc creator/4.1/psoc creator/import/gnu/arm/5.4.1/bin/../lib/gcc/arm-none-eabi/5.4.1/armv6-m/crtend.o
 *(.got.plt)
 *(.got)
 *(.shdata)
 *(.data .data.* .gnu.linkonce.d.*)
 .data          0x200000c4       0x14 .\CortexM0\ARM_GCC_541\Release\CARD.a(CyLib.o)
                0x200000c4                CySysClkPumpConfig
                0x200000c8                cydelay32kMs
                0x200000cc                cydelayFreqKhz
                0x200000d0                cydelayFreqMhz
                0x200000d4                cydelayFreqHz
 .data          0x200000d8        0x4 .\CortexM0\ARM_GCC_541\Release\CARD.a(CyLFClk.o)
 .data.impure_data
                0x200000dc       0x60 d:/programs/psoccreator/psoc creator/4.1/psoc creator/import/gnu/arm/5.4.1/bin/../lib/gcc/arm-none-eabi/5.4.1/../../../../arm-none-eabi/lib/armv6-m\libg_nano.a(lib_a-impure.o)
 .data._impure_ptr
                0x2000013c        0x4 d:/programs/psoccreator/psoc creator/4.1/psoc creator/import/gnu/arm/5.4.1/bin/../lib/gcc/arm-none-eabi/5.4.1/../../../../arm-none-eabi/lib/armv6-m\libg_nano.a(lib_a-impure.o)
                0x2000013c                _impure_ptr
                0x20000140                . = ALIGN (0x8)
 *(.ram)
                0x20000140                _edata = .

.igot.plt       0x20000140        0x0 load address 0x00002270
 .igot.plt      0x20000140        0x0 d:/programs/psoccreator/psoc creator/4.1/psoc creator/import/gnu/arm/5.4.1/bin/../lib/gcc/arm-none-eabi/5.4.1/armv6-m/crtbegin.o

.bss            0x20000140      0x350 load address 0x00002270
                0x20000140                PROVIDE (__bss_start__, .)
 *(.shbss)
 *(.bss .bss.* .gnu.linkonce.b.*)
 .bss           0x20000140       0x1c d:/programs/psoccreator/psoc creator/4.1/psoc creator/import/gnu/arm/5.4.1/bin/../lib/gcc/arm-none-eabi/5.4.1/armv6-m/crtbegin.o
 .bss           0x2000015c        0xa .\CortexM0\ARM_GCC_541\Release\CARD.a(USB_UART.o)
                0x2000015c                USB_UART_initVar
                0x20000160                USB_UART_customIntrHandler
                0x20000164                USB_UART_IntrTxMask
 *fill*         0x20000166        0x2 
 .bss           0x20000168        0x4 .\CortexM0\ARM_GCC_541\Release\CARD.a(CyFlash.o)
 .bss           0x2000016c       0x20 .\CortexM0\ARM_GCC_541\Release\CARD.a(CyLFClk.o)
 *fill*         0x2000018c        0x4 
 .bss           0x20000190       0x40 ..\libhydrogen.cylib\CortexM0\ARM_GCC_541\Release\libhydrogen.a(hydrogen.o)
 *(COMMON)
 COMMON         0x200001d0      0x1a4 .\CortexM0\ARM_GCC_541\Release\main.o
                0x200001d0                response
                0x20000234                secret_key
                0x20000238                message_type
                0x20000239                signature
                0x20000259                key_pair
                0x200002b9                r
                0x200002d9                request
                0x20000340                st
 COMMON         0x20000374      0x112 .\CortexM0\ARM_GCC_541\Release\CARD.a(USB_UART_SPI_UART.o)
                0x20000374                USB_UART_txBufferTail
                0x20000378                USB_UART_rxBufferTail
                0x2000037c                USB_UART_txBufferInternal
                0x200003fc                USB_UART_rxBufferHead
                0x20000400                USB_UART_txBufferHead
                0x20000404                USB_UART_rxBufferInternal
                0x20000485                USB_UART_rxBufferOverflow
 *fill*         0x20000486        0x2 
 COMMON         0x20000488        0x4 d:/programs/psoccreator/psoc creator/4.1/psoc creator/import/gnu/arm/5.4.1/bin/../lib/gcc/arm-none-eabi/5.4.1/../../../../arm-none-eabi/lib/armv6-m\libg_nano.a(lib_a-reent.o)
                0x20000488                errno
                0x20000490                . = ALIGN (0x8)
 *fill*         0x2000048c        0x4 
 *(.ram.b)
                0x20000490                _end = .
                0x20000490                __end = .
                0x20000490                PROVIDE (end, .)
                0x20000490                PROVIDE (__bss_end__, .)
                0x000021f0                __cy_region_init_ram = LOADADDR (.data)
                0x00000080                __cy_region_init_size_ram = (_edata - ADDR (.data))
                0x00000350                __cy_region_zero_size_ram = (_end - _edata)

.heap           0x20000490      0x1f0 load address 0x00002270
                0x20000490                . = _end
                0x20000680                . = (. + 0x1f0)
 *fill*         0x20000490      0x1f0 
                0x20000680                __cy_heap_limit = .

.stack          0x20000c00      0x400
                0x20000c00                __cy_stack_limit = .
                0x20001000                . = (. + 0x400)
 *fill*         0x20000c00      0x400 
                0x00000001                ASSERT ((__cy_stack_limit >= __cy_heap_limit), region RAM overflowed with stack)
                0x00000000                cy_checksum_exclude_size = (CY_APPL_LOADABLE == 0x1)?SIZEOF (.cy_checksum_exclude):0x0
                0x00000001                ASSERT ((cy_checksum_exclude_size <= CY_CHECKSUM_EXCLUDE_SIZE), CY_BOOT: Section .cy_checksum_exclude size exceedes specified limit.)
                0x00007fc0                cyloadermeta_start = (cy_project_type_bootloader || cy_project_type_app_for_stack_and_copier)?(LENGTH (rom) - CY_METADATA_SIZE):0xf0000000

.cyloadermeta
 *(.cyloadermeta)
                0x00007fc0                cyloadablemeta_start = cy_project_type_app_for_stack_and_copier?((LENGTH (rom) - CY_FLASH_ROW_SIZE) - CY_METADATA_SIZE):((LENGTH (rom) - (CY_FLASH_ROW_SIZE * (CY_APPL_NUM - 0x1))) - CY_METADATA_SIZE)

.cyloadablemeta
 *(.cyloadablemeta)

.cyflashprotect
                0x90400000       0x20
 *(.cyflashprotect)
 .cyflashprotect
                0x90400000       0x20 .\CortexM0\ARM_GCC_541\Release\cymetadata.o
                0x90400000                cy_meta_flashprotect

.cymeta         0x90500000        0xc
 *(.cymeta)
 .cymeta        0x90500000        0xc .\CortexM0\ARM_GCC_541\Release\cymetadata.o
                0x90500000                cy_metadata

.cychipprotect  0x90600000        0x1
 *(.cychipprotect)
 .cychipprotect
                0x90600000        0x1 .\CortexM0\ARM_GCC_541\Release\cymetadata.o
                0x90600000                cy_meta_chipprotect

.rel.dyn        0x00002270        0x0 load address 0x90600004
 .rel.iplt      0x00002270        0x0 d:/programs/psoccreator/psoc creator/4.1/psoc creator/import/gnu/arm/5.4.1/bin/../lib/gcc/arm-none-eabi/5.4.1/armv6-m/crtbegin.o

.stab           0x00000000       0x3c
 *(.stab)
 .stab          0x00000000       0x24 d:/programs/psoccreator/psoc creator/4.1/psoc creator/import/gnu/arm/5.4.1/bin/../lib/gcc/arm-none-eabi/5.4.1/../../../../arm-none-eabi/lib/armv6-m\libnosys.a(getpid.o)
 .stab          0x00000024       0x18 d:/programs/psoccreator/psoc creator/4.1/psoc creator/import/gnu/arm/5.4.1/bin/../lib/gcc/arm-none-eabi/5.4.1/../../../../arm-none-eabi/lib/armv6-m\libnosys.a(kill.o)
                                 0x24 (size before relaxing)

.stabstr        0x00000000       0x76
 *(.stabstr)
 .stabstr       0x00000000       0x76 d:/programs/psoccreator/psoc creator/4.1/psoc creator/import/gnu/arm/5.4.1/bin/../lib/gcc/arm-none-eabi/5.4.1/../../../../arm-none-eabi/lib/armv6-m\libnosys.a(getpid.o)

.debug
 *(.debug)

.line
 *(.line)

.debug_srcinfo
 *(.debug_srcinfo)

.debug_sfnames
 *(.debug_sfnames)

.debug_aranges  0x00000000      0x8a0
 *(.debug_aranges)
 .debug_aranges
                0x00000000       0x30 .\CortexM0\ARM_GCC_541\Release\main.o
 .debug_aranges
                0x00000030       0x40 .\CortexM0\ARM_GCC_541\Release\usbserialprotocol.o
 .debug_aranges
                0x00000070       0x20 .\CortexM0\ARM_GCC_541\Release\cyfitter_cfg.o
 .debug_aranges
                0x00000090       0x18 .\CortexM0\ARM_GCC_541\Release\cymetadata.o
 .debug_aranges
                0x000000a8       0x48 .\CortexM0\ARM_GCC_541\Release\Cm0Start.o
 .debug_aranges
                0x000000f0       0x28 .\CortexM0\ARM_GCC_541\Release\CARD.a(USER_INFO.o)
 .debug_aranges
                0x00000118       0x58 .\CortexM0\ARM_GCC_541\Release\CARD.a(USB_UART.o)
 .debug_aranges
                0x00000170       0x60 .\CortexM0\ARM_GCC_541\Release\CARD.a(USB_UART_SPI_UART.o)
 .debug_aranges
                0x000001d0       0x60 .\CortexM0\ARM_GCC_541\Release\CARD.a(USB_UART_UART.o)
 .debug_aranges
                0x00000230       0x80 .\CortexM0\ARM_GCC_541\Release\CARD.a(Reset_isr.o)
 .debug_aranges
                0x000002b0       0x48 .\CortexM0\ARM_GCC_541\Release\CARD.a(SW1.o)
 .debug_aranges
                0x000002f8       0x28 .\CortexM0\ARM_GCC_541\Release\CARD.a(CyFlash.o)
 .debug_aranges
                0x00000320      0x180 .\CortexM0\ARM_GCC_541\Release\CARD.a(CyLib.o)
 .debug_aranges
                0x000004a0      0x118 .\CortexM0\ARM_GCC_541\Release\CARD.a(CyLFClk.o)
 .debug_aranges
                0x000005b8       0x20 .\CortexM0\ARM_GCC_541\Release\CARD.a(CyBootAsmGnu.o)
 .debug_aranges
                0x000005d8       0x20 .\CortexM0\ARM_GCC_541\Release\CARD.a(USB_UART_SPI_UART_INT.o)
 .debug_aranges
                0x000005f8      0x2a8 ..\libhydrogen.cylib\CortexM0\ARM_GCC_541\Release\libhydrogen.a(hydrogen.o)

.debug_pubnames
 *(.debug_pubnames)

.debug_info     0x00000000     0xaa12
 *(.debug_info .gnu.linkonce.wi.*)
 .debug_info    0x00000000      0x6c1 .\CortexM0\ARM_GCC_541\Release\main.o
 .debug_info    0x000006c1      0x32c .\CortexM0\ARM_GCC_541\Release\usbserialprotocol.o
 .debug_info    0x000009ed      0x508 .\CortexM0\ARM_GCC_541\Release\cyfitter_cfg.o
 .debug_info    0x00000ef5       0xf8 .\CortexM0\ARM_GCC_541\Release\cymetadata.o
 .debug_info    0x00000fed      0x398 .\CortexM0\ARM_GCC_541\Release\Cm0Start.o
 .debug_info    0x00001385      0x1d8 .\CortexM0\ARM_GCC_541\Release\CARD.a(USER_INFO.o)
 .debug_info    0x0000155d      0x308 .\CortexM0\ARM_GCC_541\Release\CARD.a(USB_UART.o)
 .debug_info    0x00001865      0x3a3 .\CortexM0\ARM_GCC_541\Release\CARD.a(USB_UART_SPI_UART.o)
 .debug_info    0x00001c08      0x3b1 .\CortexM0\ARM_GCC_541\Release\CARD.a(USB_UART_UART.o)
 .debug_info    0x00001fb9      0x352 .\CortexM0\ARM_GCC_541\Release\CARD.a(Reset_isr.o)
 .debug_info    0x0000230b      0x19b .\CortexM0\ARM_GCC_541\Release\CARD.a(SW1.o)
 .debug_info    0x000024a6      0x364 .\CortexM0\ARM_GCC_541\Release\CARD.a(CyFlash.o)
 .debug_info    0x0000280a      0xb2c .\CortexM0\ARM_GCC_541\Release\CARD.a(CyLib.o)
 .debug_info    0x00003336      0xd7b .\CortexM0\ARM_GCC_541\Release\CARD.a(CyLFClk.o)
 .debug_info    0x000040b1       0x8a .\CortexM0\ARM_GCC_541\Release\CARD.a(CyBootAsmGnu.o)
 .debug_info    0x0000413b      0x186 .\CortexM0\ARM_GCC_541\Release\CARD.a(USB_UART_SPI_UART_INT.o)
 .debug_info    0x000042c1     0x6751 ..\libhydrogen.cylib\CortexM0\ARM_GCC_541\Release\libhydrogen.a(hydrogen.o)

.debug_abbrev   0x00000000     0x1d1c
 *(.debug_abbrev)
 .debug_abbrev  0x00000000      0x18e .\CortexM0\ARM_GCC_541\Release\main.o
 .debug_abbrev  0x0000018e      0x127 .\CortexM0\ARM_GCC_541\Release\usbserialprotocol.o
 .debug_abbrev  0x000002b5      0x237 .\CortexM0\ARM_GCC_541\Release\cyfitter_cfg.o
 .debug_abbrev  0x000004ec       0x5d .\CortexM0\ARM_GCC_541\Release\cymetadata.o
 .debug_abbrev  0x00000549      0x1d5 .\CortexM0\ARM_GCC_541\Release\Cm0Start.o
 .debug_abbrev  0x0000071e      0x101 .\CortexM0\ARM_GCC_541\Release\CARD.a(USER_INFO.o)
 .debug_abbrev  0x0000081f      0x16a .\CortexM0\ARM_GCC_541\Release\CARD.a(USB_UART.o)
 .debug_abbrev  0x00000989      0x1c9 .\CortexM0\ARM_GCC_541\Release\CARD.a(USB_UART_SPI_UART.o)
 .debug_abbrev  0x00000b52      0x136 .\CortexM0\ARM_GCC_541\Release\CARD.a(USB_UART_UART.o)
 .debug_abbrev  0x00000c88      0x244 .\CortexM0\ARM_GCC_541\Release\CARD.a(Reset_isr.o)
 .debug_abbrev  0x00000ecc       0xc6 .\CortexM0\ARM_GCC_541\Release\CARD.a(SW1.o)
 .debug_abbrev  0x00000f92      0x1ce .\CortexM0\ARM_GCC_541\Release\CARD.a(CyFlash.o)
 .debug_abbrev  0x00001160      0x2e2 .\CortexM0\ARM_GCC_541\Release\CARD.a(CyLib.o)
 .debug_abbrev  0x00001442      0x347 .\CortexM0\ARM_GCC_541\Release\CARD.a(CyLFClk.o)
 .debug_abbrev  0x00001789       0x14 .\CortexM0\ARM_GCC_541\Release\CARD.a(CyBootAsmGnu.o)
 .debug_abbrev  0x0000179d       0x9a .\CortexM0\ARM_GCC_541\Release\CARD.a(USB_UART_SPI_UART_INT.o)
 .debug_abbrev  0x00001837      0x4e5 ..\libhydrogen.cylib\CortexM0\ARM_GCC_541\Release\libhydrogen.a(hydrogen.o)

.debug_line     0x00000000     0x2ff9
 *(.debug_line)
 .debug_line    0x00000000      0x279 .\CortexM0\ARM_GCC_541\Release\main.o
 .debug_line    0x00000279      0x166 .\CortexM0\ARM_GCC_541\Release\usbserialprotocol.o
 .debug_line    0x000003df      0x196 .\CortexM0\ARM_GCC_541\Release\cyfitter_cfg.o
 .debug_line    0x00000575      0x133 .\CortexM0\ARM_GCC_541\Release\cymetadata.o
 .debug_line    0x000006a8      0x21d .\CortexM0\ARM_GCC_541\Release\Cm0Start.o
 .debug_line    0x000008c5       0xc8 .\CortexM0\ARM_GCC_541\Release\CARD.a(USER_INFO.o)
 .debug_line    0x0000098d      0x160 .\CortexM0\ARM_GCC_541\Release\CARD.a(USB_UART.o)
 .debug_line    0x00000aed      0x17c .\CortexM0\ARM_GCC_541\Release\CARD.a(USB_UART_SPI_UART.o)
 .debug_line    0x00000c69      0x1b2 .\CortexM0\ARM_GCC_541\Release\CARD.a(USB_UART_UART.o)
 .debug_line    0x00000e1b      0x1b1 .\CortexM0\ARM_GCC_541\Release\CARD.a(Reset_isr.o)
 .debug_line    0x00000fcc       0xc6 .\CortexM0\ARM_GCC_541\Release\CARD.a(SW1.o)
 .debug_line    0x00001092      0x18a .\CortexM0\ARM_GCC_541\Release\CARD.a(CyFlash.o)
 .debug_line    0x0000121c      0x4c6 .\CortexM0\ARM_GCC_541\Release\CARD.a(CyLib.o)
 .debug_line    0x000016e2      0x4c0 .\CortexM0\ARM_GCC_541\Release\CARD.a(CyLFClk.o)
 .debug_line    0x00001ba2       0x69 .\CortexM0\ARM_GCC_541\Release\CARD.a(CyBootAsmGnu.o)
 .debug_line    0x00001c0b       0xcd .\CortexM0\ARM_GCC_541\Release\CARD.a(USB_UART_SPI_UART_INT.o)
 .debug_line    0x00001cd8     0x1321 ..\libhydrogen.cylib\CortexM0\ARM_GCC_541\Release\libhydrogen.a(hydrogen.o)

.debug_frame    0x00000000     0x1db0
 *(.debug_frame)
 .debug_frame   0x00000000       0x74 .\CortexM0\ARM_GCC_541\Release\main.o
 .debug_frame   0x00000074       0xa8 .\CortexM0\ARM_GCC_541\Release\usbserialprotocol.o
 .debug_frame   0x0000011c       0x3c .\CortexM0\ARM_GCC_541\Release\cyfitter_cfg.o
 .debug_frame   0x00000158       0xc8 .\CortexM0\ARM_GCC_541\Release\Cm0Start.o
 .debug_frame   0x00000220       0x58 .\CortexM0\ARM_GCC_541\Release\CARD.a(USER_INFO.o)
 .debug_frame   0x00000278       0xc0 .\CortexM0\ARM_GCC_541\Release\CARD.a(USB_UART.o)
 .debug_frame   0x00000338       0xd4 .\CortexM0\ARM_GCC_541\Release\CARD.a(USB_UART_SPI_UART.o)
 .debug_frame   0x0000040c       0xe0 .\CortexM0\ARM_GCC_541\Release\CARD.a(USB_UART_UART.o)
 .debug_frame   0x000004ec      0x104 .\CortexM0\ARM_GCC_541\Release\CARD.a(Reset_isr.o)
 .debug_frame   0x000005f0       0x70 .\CortexM0\ARM_GCC_541\Release\CARD.a(SW1.o)
 .debug_frame   0x00000660       0x54 .\CortexM0\ARM_GCC_541\Release\CARD.a(CyFlash.o)
 .debug_frame   0x000006b4      0x3b0 .\CortexM0\ARM_GCC_541\Release\CARD.a(CyLib.o)
 .debug_frame   0x00000a64      0x2f4 .\CortexM0\ARM_GCC_541\Release\CARD.a(CyLFClk.o)
 .debug_frame   0x00000d58       0x30 .\CortexM0\ARM_GCC_541\Release\CARD.a(USB_UART_SPI_UART_INT.o)
 .debug_frame   0x00000d88      0xc08 ..\libhydrogen.cylib\CortexM0\ARM_GCC_541\Release\libhydrogen.a(hydrogen.o)
 .debug_frame   0x00001990       0x20 d:/programs/psoccreator/psoc creator/4.1/psoc creator/import/gnu/arm/5.4.1/bin/../lib/gcc/arm-none-eabi/5.4.1/armv6-m\libgcc.a(_udivsi3.o)
 .debug_frame   0x000019b0       0x34 d:/programs/psoccreator/psoc creator/4.1/psoc creator/import/gnu/arm/5.4.1/bin/../lib/gcc/arm-none-eabi/5.4.1/armv6-m\libgcc.a(_muldi3.o)
 .debug_frame   0x000019e4       0x28 d:/programs/psoccreator/psoc creator/4.1/psoc creator/import/gnu/arm/5.4.1/bin/../lib/gcc/arm-none-eabi/5.4.1/../../../../arm-none-eabi/lib/armv6-m\libg_nano.a(lib_a-abort.o)
 .debug_frame   0x00001a0c       0x20 d:/programs/psoccreator/psoc creator/4.1/psoc creator/import/gnu/arm/5.4.1/bin/../lib/gcc/arm-none-eabi/5.4.1/../../../../arm-none-eabi/lib/armv6-m\libg_nano.a(lib_a-errno.o)
 .debug_frame   0x00001a2c       0x28 d:/programs/psoccreator/psoc creator/4.1/psoc creator/import/gnu/arm/5.4.1/bin/../lib/gcc/arm-none-eabi/5.4.1/../../../../arm-none-eabi/lib/armv6-m\libg_nano.a(lib_a-exit.o)
 .debug_frame   0x00001a54       0x2c d:/programs/psoccreator/psoc creator/4.1/psoc creator/import/gnu/arm/5.4.1/bin/../lib/gcc/arm-none-eabi/5.4.1/../../../../arm-none-eabi/lib/armv6-m\libg_nano.a(lib_a-init.o)
 .debug_frame   0x00001a80       0x28 d:/programs/psoccreator/psoc creator/4.1/psoc creator/import/gnu/arm/5.4.1/bin/../lib/gcc/arm-none-eabi/5.4.1/../../../../arm-none-eabi/lib/armv6-m\libg_nano.a(lib_a-memcpy-stub.o)
 .debug_frame   0x00001aa8       0x28 d:/programs/psoccreator/psoc creator/4.1/psoc creator/import/gnu/arm/5.4.1/bin/../lib/gcc/arm-none-eabi/5.4.1/../../../../arm-none-eabi/lib/armv6-m\libg_nano.a(lib_a-memmove.o)
 .debug_frame   0x00001ad0       0x20 d:/programs/psoccreator/psoc creator/4.1/psoc creator/import/gnu/arm/5.4.1/bin/../lib/gcc/arm-none-eabi/5.4.1/../../../../arm-none-eabi/lib/armv6-m\libg_nano.a(lib_a-memset.o)
 .debug_frame   0x00001af0       0xe0 d:/programs/psoccreator/psoc creator/4.1/psoc creator/import/gnu/arm/5.4.1/bin/../lib/gcc/arm-none-eabi/5.4.1/../../../../arm-none-eabi/lib/armv6-m\libg_nano.a(lib_a-signal.o)
 .debug_frame   0x00001bd0       0x44 d:/programs/psoccreator/psoc creator/4.1/psoc creator/import/gnu/arm/5.4.1/bin/../lib/gcc/arm-none-eabi/5.4.1/../../../../arm-none-eabi/lib/armv6-m\libg_nano.a(lib_a-signalr.o)
 .debug_frame   0x00001c14       0x20 d:/programs/psoccreator/psoc creator/4.1/psoc creator/import/gnu/arm/5.4.1/bin/../lib/gcc/arm-none-eabi/5.4.1/../../../../arm-none-eabi/lib/armv6-m\libg_nano.a(lib_a-strchr.o)
 .debug_frame   0x00001c34       0x20 d:/programs/psoccreator/psoc creator/4.1/psoc creator/import/gnu/arm/5.4.1/bin/../lib/gcc/arm-none-eabi/5.4.1/../../../../arm-none-eabi/lib/armv6-m\libg_nano.a(lib_a-strcmp.o)
 .debug_frame   0x00001c54       0x20 d:/programs/psoccreator/psoc creator/4.1/psoc creator/import/gnu/arm/5.4.1/bin/../lib/gcc/arm-none-eabi/5.4.1/../../../../arm-none-eabi/lib/armv6-m\libg_nano.a(lib_a-strcpy.o)
 .debug_frame   0x00001c74       0x2c d:/programs/psoccreator/psoc creator/4.1/psoc creator/import/gnu/arm/5.4.1/bin/../lib/gcc/arm-none-eabi/5.4.1/../../../../arm-none-eabi/lib/armv6-m\libg_nano.a(lib_a-nano-mallocr.o)
 .debug_frame   0x00001ca0       0x48 d:/programs/psoccreator/psoc creator/4.1/psoc creator/import/gnu/arm/5.4.1/bin/../lib/gcc/arm-none-eabi/5.4.1/../../../../arm-none-eabi/lib/armv6-m\libg_nano.a(lib_a-reent.o)
 .debug_frame   0x00001ce8       0x2c d:/programs/psoccreator/psoc creator/4.1/psoc creator/import/gnu/arm/5.4.1/bin/../lib/gcc/arm-none-eabi/5.4.1/../../../../arm-none-eabi/lib/armv6-m\libg_nano.a(lib_a-sbrkr.o)
 .debug_frame   0x00001d14       0x30 d:/programs/psoccreator/psoc creator/4.1/psoc creator/import/gnu/arm/5.4.1/bin/../lib/gcc/arm-none-eabi/5.4.1/../../../../arm-none-eabi/lib/armv6-m\libg_nano.a(lib_a-mlock.o)
 .debug_frame   0x00001d44       0x2c d:/programs/psoccreator/psoc creator/4.1/psoc creator/import/gnu/arm/5.4.1/bin/../lib/gcc/arm-none-eabi/5.4.1/../../../../arm-none-eabi/lib/armv6-m\libg_nano.a(lib_a-nano-freer.o)
 .debug_frame   0x00001d70       0x20 d:/programs/psoccreator/psoc creator/4.1/psoc creator/import/gnu/arm/5.4.1/bin/../lib/gcc/arm-none-eabi/5.4.1/../../../../arm-none-eabi/lib/armv6-m\libnosys.a(getpid.o)
 .debug_frame   0x00001d90       0x20 d:/programs/psoccreator/psoc creator/4.1/psoc creator/import/gnu/arm/5.4.1/bin/../lib/gcc/arm-none-eabi/5.4.1/../../../../arm-none-eabi/lib/armv6-m\libnosys.a(kill.o)

.debug_str      0x00000000     0x25cf
 *(.debug_str)
 .debug_str     0x00000000      0x2fe .\CortexM0\ARM_GCC_541\Release\main.o
                                0x35a (size before relaxing)
 .debug_str     0x000002fe       0xa1 .\CortexM0\ARM_GCC_541\Release\usbserialprotocol.o
                                0x262 (size before relaxing)
 .debug_str     0x0000039f      0x19a .\CortexM0\ARM_GCC_541\Release\cyfitter_cfg.o
                                0x33f (size before relaxing)
 .debug_str     0x00000539       0x59 .\CortexM0\ARM_GCC_541\Release\cymetadata.o
                                0x1c2 (size before relaxing)
 .debug_str     0x00000592      0x12f .\CortexM0\ARM_GCC_541\Release\Cm0Start.o
                                0x2fb (size before relaxing)
 .debug_str     0x000006c1       0xa9 .\CortexM0\ARM_GCC_541\Release\CARD.a(USER_INFO.o)
                                0x240 (size before relaxing)
 .debug_str     0x0000076a      0x1c4 .\CortexM0\ARM_GCC_541\Release\CARD.a(USB_UART.o)
                                0x36e (size before relaxing)
 .debug_str     0x0000092e      0x1d7 .\CortexM0\ARM_GCC_541\Release\CARD.a(USB_UART_SPI_UART.o)
                                0x3bf (size before relaxing)
 .debug_str     0x00000b05       0xf1 .\CortexM0\ARM_GCC_541\Release\CARD.a(USB_UART_UART.o)
                                0x3e5 (size before relaxing)
 .debug_str     0x00000bf6      0x160 .\CortexM0\ARM_GCC_541\Release\CARD.a(Reset_isr.o)
                                0x31c (size before relaxing)
 .debug_str     0x00000d56       0x8f .\CortexM0\ARM_GCC_541\Release\CARD.a(SW1.o)
                                0x222 (size before relaxing)
 .debug_str     0x00000de5      0x133 .\CortexM0\ARM_GCC_541\Release\CARD.a(CyFlash.o)
                                0x328 (size before relaxing)
 .debug_str     0x00000f18      0x449 .\CortexM0\ARM_GCC_541\Release\CARD.a(CyLib.o)
                                0x6be (size before relaxing)
 .debug_str     0x00001361      0x51d .\CortexM0\ARM_GCC_541\Release\CARD.a(CyLFClk.o)
                                0x730 (size before relaxing)
 .debug_str     0x0000187e       0x45 .\CortexM0\ARM_GCC_541\Release\CARD.a(USB_UART_SPI_UART_INT.o)
                                0x2ab (size before relaxing)
 .debug_str     0x000018c3      0xd0c ..\libhydrogen.cylib\CortexM0\ARM_GCC_541\Release\libhydrogen.a(hydrogen.o)
                                0xfcb (size before relaxing)

.debug_loc      0x00000000     0x7308
 *(.debug_loc)
 .debug_loc     0x00000000       0xc2 .\CortexM0\ARM_GCC_541\Release\main.o
 .debug_loc     0x000000c2      0x1c2 .\CortexM0\ARM_GCC_541\Release\usbserialprotocol.o
 .debug_loc     0x00000284      0x1b2 .\CortexM0\ARM_GCC_541\Release\cyfitter_cfg.o
 .debug_loc     0x00000436      0x1de .\CortexM0\ARM_GCC_541\Release\Cm0Start.o
 .debug_loc     0x00000614      0x17e .\CortexM0\ARM_GCC_541\Release\CARD.a(USER_INFO.o)
 .debug_loc     0x00000792       0x7e .\CortexM0\ARM_GCC_541\Release\CARD.a(USB_UART.o)
 .debug_loc     0x00000810      0x129 .\CortexM0\ARM_GCC_541\Release\CARD.a(USB_UART_SPI_UART.o)
 .debug_loc     0x00000939      0x1ad .\CortexM0\ARM_GCC_541\Release\CARD.a(USB_UART_UART.o)
 .debug_loc     0x00000ae6       0xa6 .\CortexM0\ARM_GCC_541\Release\CARD.a(Reset_isr.o)
 .debug_loc     0x00000b8c       0xa1 .\CortexM0\ARM_GCC_541\Release\CARD.a(SW1.o)
 .debug_loc     0x00000c2d      0x258 .\CortexM0\ARM_GCC_541\Release\CARD.a(CyFlash.o)
 .debug_loc     0x00000e85      0x58b .\CortexM0\ARM_GCC_541\Release\CARD.a(CyLib.o)
 .debug_loc     0x00001410      0x996 .\CortexM0\ARM_GCC_541\Release\CARD.a(CyLFClk.o)
 .debug_loc     0x00001da6       0x3d .\CortexM0\ARM_GCC_541\Release\CARD.a(USB_UART_SPI_UART_INT.o)
 .debug_loc     0x00001de3     0x5525 ..\libhydrogen.cylib\CortexM0\ARM_GCC_541\Release\libhydrogen.a(hydrogen.o)

.debug_macinfo
 *(.debug_macinfo)

.debug_ranges   0x00000000      0xc68
 *(.debug_ranges)
 .debug_ranges  0x00000000       0x38 .\CortexM0\ARM_GCC_541\Release\main.o
 .debug_ranges  0x00000038       0x30 .\CortexM0\ARM_GCC_541\Release\usbserialprotocol.o
 .debug_ranges  0x00000068       0x90 .\CortexM0\ARM_GCC_541\Release\cyfitter_cfg.o
 .debug_ranges  0x000000f8       0x50 .\CortexM0\ARM_GCC_541\Release\Cm0Start.o
 .debug_ranges  0x00000148       0x18 .\CortexM0\ARM_GCC_541\Release\CARD.a(USER_INFO.o)
 .debug_ranges  0x00000160       0x48 .\CortexM0\ARM_GCC_541\Release\CARD.a(USB_UART.o)
 .debug_ranges  0x000001a8       0x50 .\CortexM0\ARM_GCC_541\Release\CARD.a(USB_UART_SPI_UART.o)
 .debug_ranges  0x000001f8       0x50 .\CortexM0\ARM_GCC_541\Release\CARD.a(USB_UART_UART.o)
 .debug_ranges  0x00000248       0xf0 .\CortexM0\ARM_GCC_541\Release\CARD.a(Reset_isr.o)
 .debug_ranges  0x00000338       0x38 .\CortexM0\ARM_GCC_541\Release\CARD.a(SW1.o)
 .debug_ranges  0x00000370       0x30 .\CortexM0\ARM_GCC_541\Release\CARD.a(CyFlash.o)
 .debug_ranges  0x000003a0      0x1e0 .\CortexM0\ARM_GCC_541\Release\CARD.a(CyLib.o)
 .debug_ranges  0x00000580      0x198 .\CortexM0\ARM_GCC_541\Release\CARD.a(CyLFClk.o)
 .debug_ranges  0x00000718       0x10 .\CortexM0\ARM_GCC_541\Release\CARD.a(USB_UART_SPI_UART_INT.o)
 .debug_ranges  0x00000728      0x540 ..\libhydrogen.cylib\CortexM0\ARM_GCC_541\Release\libhydrogen.a(hydrogen.o)

.comment        0x00000000       0x6e
 .comment       0x00000000       0x6e .\CortexM0\ARM_GCC_541\Release\main.o
                                 0x6f (size before relaxing)
 .comment       0x0000006e       0x6f .\CortexM0\ARM_GCC_541\Release\usbserialprotocol.o
 .comment       0x0000006e       0x6f .\CortexM0\ARM_GCC_541\Release\cyfitter_cfg.o
 .comment       0x0000006e       0x6f .\CortexM0\ARM_GCC_541\Release\cymetadata.o
 .comment       0x0000006e       0x6f .\CortexM0\ARM_GCC_541\Release\Cm0Start.o
 .comment       0x0000006e       0x6f .\CortexM0\ARM_GCC_541\Release\CARD.a(USER_INFO.o)
 .comment       0x0000006e       0x6f .\CortexM0\ARM_GCC_541\Release\CARD.a(USB_UART.o)
 .comment       0x0000006e       0x6f .\CortexM0\ARM_GCC_541\Release\CARD.a(USB_UART_SPI_UART.o)
 .comment       0x0000006e       0x6f .\CortexM0\ARM_GCC_541\Release\CARD.a(USB_UART_UART.o)
 .comment       0x0000006e       0x6f .\CortexM0\ARM_GCC_541\Release\CARD.a(Reset_isr.o)
 .comment       0x0000006e       0x6f .\CortexM0\ARM_GCC_541\Release\CARD.a(SW1.o)
 .comment       0x0000006e       0x6f .\CortexM0\ARM_GCC_541\Release\CARD.a(CyFlash.o)
 .comment       0x0000006e       0x6f .\CortexM0\ARM_GCC_541\Release\CARD.a(CyLib.o)
 .comment       0x0000006e       0x6f .\CortexM0\ARM_GCC_541\Release\CARD.a(CyLFClk.o)
 .comment       0x0000006e       0x6f .\CortexM0\ARM_GCC_541\Release\CARD.a(USB_UART_SPI_UART_INT.o)
 .comment       0x0000006e       0x6f ..\libhydrogen.cylib\CortexM0\ARM_GCC_541\Release\libhydrogen.a(hydrogen.o)

.debug_weaknames
 *(.debug_weaknames)

.debug_funcnames
 *(.debug_funcnames)

.debug_typenames
 *(.debug_typenames)

.debug_varnames
 *(.debug_varnames)

.note.gnu.arm.ident
 *(.note.gnu.arm.ident)

.ARM.attributes
                0x00000000       0x28
 *(.ARM.attributes)
 .ARM.attributes
                0x00000000       0x1e d:/programs/psoccreator/psoc creator/4.1/psoc creator/import/gnu/arm/5.4.1/bin/../lib/gcc/arm-none-eabi/5.4.1/armv6-m/crti.o
 .ARM.attributes
                0x0000001e       0x2c d:/programs/psoccreator/psoc creator/4.1/psoc creator/import/gnu/arm/5.4.1/bin/../lib/gcc/arm-none-eabi/5.4.1/armv6-m/crtbegin.o
 .ARM.attributes
                0x0000004a       0x1b d:/programs/psoccreator/psoc creator/4.1/psoc creator/import/gnu/arm/5.4.1/bin/../lib/gcc/arm-none-eabi/5.4.1/../../../../arm-none-eabi/lib/armv6-m/crt0.o
 .ARM.attributes
                0x00000065       0x31 .\CortexM0\ARM_GCC_541\Release\main.o
 .ARM.attributes
                0x00000096       0x31 .\CortexM0\ARM_GCC_541\Release\usbserialprotocol.o
 .ARM.attributes
                0x000000c7       0x31 .\CortexM0\ARM_GCC_541\Release\cyfitter_cfg.o
 .ARM.attributes
                0x000000f8       0x31 .\CortexM0\ARM_GCC_541\Release\cymetadata.o
 .ARM.attributes
                0x00000129       0x31 .\CortexM0\ARM_GCC_541\Release\Cm0Start.o
 .ARM.attributes
                0x0000015a       0x31 .\CortexM0\ARM_GCC_541\Release\CARD.a(USER_INFO.o)
 .ARM.attributes
                0x0000018b       0x31 .\CortexM0\ARM_GCC_541\Release\CARD.a(USB_UART.o)
 .ARM.attributes
                0x000001bc       0x31 .\CortexM0\ARM_GCC_541\Release\CARD.a(USB_UART_SPI_UART.o)
 .ARM.attributes
                0x000001ed       0x31 .\CortexM0\ARM_GCC_541\Release\CARD.a(USB_UART_UART.o)
 .ARM.attributes
                0x0000021e       0x31 .\CortexM0\ARM_GCC_541\Release\CARD.a(Reset_isr.o)
 .ARM.attributes
                0x0000024f       0x31 .\CortexM0\ARM_GCC_541\Release\CARD.a(SW1.o)
 .ARM.attributes
                0x00000280       0x31 .\CortexM0\ARM_GCC_541\Release\CARD.a(CyFlash.o)
 .ARM.attributes
                0x000002b1       0x31 .\CortexM0\ARM_GCC_541\Release\CARD.a(CyLib.o)
 .ARM.attributes
                0x000002e2       0x31 .\CortexM0\ARM_GCC_541\Release\CARD.a(CyLFClk.o)
 .ARM.attributes
                0x00000313       0x21 .\CortexM0\ARM_GCC_541\Release\CARD.a(CyBootAsmGnu.o)
 .ARM.attributes
                0x00000334       0x31 .\CortexM0\ARM_GCC_541\Release\CARD.a(USB_UART_SPI_UART_INT.o)
 .ARM.attributes
                0x00000365       0x31 ..\libhydrogen.cylib\CortexM0\ARM_GCC_541\Release\libhydrogen.a(hydrogen.o)
 .ARM.attributes
                0x00000396       0x1e d:/programs/psoccreator/psoc creator/4.1/psoc creator/import/gnu/arm/5.4.1/bin/../lib/gcc/arm-none-eabi/5.4.1/armv6-m\libgcc.a(_udivsi3.o)
 .ARM.attributes
                0x000003b4       0x1e d:/programs/psoccreator/psoc creator/4.1/psoc creator/import/gnu/arm/5.4.1/bin/../lib/gcc/arm-none-eabi/5.4.1/armv6-m\libgcc.a(_dvmd_tls.o)
 .ARM.attributes
                0x000003d2       0x2c d:/programs/psoccreator/psoc creator/4.1/psoc creator/import/gnu/arm/5.4.1/bin/../lib/gcc/arm-none-eabi/5.4.1/armv6-m\libgcc.a(_muldi3.o)
 .ARM.attributes
                0x000003fe       0x2c d:/programs/psoccreator/psoc creator/4.1/psoc creator/import/gnu/arm/5.4.1/bin/../lib/gcc/arm-none-eabi/5.4.1/../../../../arm-none-eabi/lib/armv6-m\libg_nano.a(lib_a-abort.o)
 .ARM.attributes
                0x0000042a       0x2c d:/programs/psoccreator/psoc creator/4.1/psoc creator/import/gnu/arm/5.4.1/bin/../lib/gcc/arm-none-eabi/5.4.1/../../../../arm-none-eabi/lib/armv6-m\libg_nano.a(lib_a-errno.o)
 .ARM.attributes
                0x00000456       0x2c d:/programs/psoccreator/psoc creator/4.1/psoc creator/import/gnu/arm/5.4.1/bin/../lib/gcc/arm-none-eabi/5.4.1/../../../../arm-none-eabi/lib/armv6-m\libg_nano.a(lib_a-exit.o)
 .ARM.attributes
                0x00000482       0x2c d:/programs/psoccreator/psoc creator/4.1/psoc creator/import/gnu/arm/5.4.1/bin/../lib/gcc/arm-none-eabi/5.4.1/../../../../arm-none-eabi/lib/armv6-m\libg_nano.a(lib_a-impure.o)
 .ARM.attributes
                0x000004ae       0x2c d:/programs/psoccreator/psoc creator/4.1/psoc creator/import/gnu/arm/5.4.1/bin/../lib/gcc/arm-none-eabi/5.4.1/../../../../arm-none-eabi/lib/armv6-m\libg_nano.a(lib_a-init.o)
 .ARM.attributes
                0x000004da       0x2c d:/programs/psoccreator/psoc creator/4.1/psoc creator/import/gnu/arm/5.4.1/bin/../lib/gcc/arm-none-eabi/5.4.1/../../../../arm-none-eabi/lib/armv6-m\libg_nano.a(lib_a-memcpy-stub.o)
 .ARM.attributes
                0x00000506       0x2c d:/programs/psoccreator/psoc creator/4.1/psoc creator/import/gnu/arm/5.4.1/bin/../lib/gcc/arm-none-eabi/5.4.1/../../../../arm-none-eabi/lib/armv6-m\libg_nano.a(lib_a-memmove.o)
 .ARM.attributes
                0x00000532       0x2c d:/programs/psoccreator/psoc creator/4.1/psoc creator/import/gnu/arm/5.4.1/bin/../lib/gcc/arm-none-eabi/5.4.1/../../../../arm-none-eabi/lib/armv6-m\libg_nano.a(lib_a-memset.o)
 .ARM.attributes
                0x0000055e       0x2c d:/programs/psoccreator/psoc creator/4.1/psoc creator/import/gnu/arm/5.4.1/bin/../lib/gcc/arm-none-eabi/5.4.1/../../../../arm-none-eabi/lib/armv6-m\libg_nano.a(lib_a-signal.o)
 .ARM.attributes
                0x0000058a       0x2c d:/programs/psoccreator/psoc creator/4.1/psoc creator/import/gnu/arm/5.4.1/bin/../lib/gcc/arm-none-eabi/5.4.1/../../../../arm-none-eabi/lib/armv6-m\libg_nano.a(lib_a-signalr.o)
 .ARM.attributes
                0x000005b6       0x2c d:/programs/psoccreator/psoc creator/4.1/psoc creator/import/gnu/arm/5.4.1/bin/../lib/gcc/arm-none-eabi/5.4.1/../../../../arm-none-eabi/lib/armv6-m\libg_nano.a(lib_a-strchr.o)
 .ARM.attributes
                0x000005e2       0x1c d:/programs/psoccreator/psoc creator/4.1/psoc creator/import/gnu/arm/5.4.1/bin/../lib/gcc/arm-none-eabi/5.4.1/../../../../arm-none-eabi/lib/armv6-m\libg_nano.a(lib_a-strcmp.o)
 .ARM.attributes
                0x000005fe       0x2c d:/programs/psoccreator/psoc creator/4.1/psoc creator/import/gnu/arm/5.4.1/bin/../lib/gcc/arm-none-eabi/5.4.1/../../../../arm-none-eabi/lib/armv6-m\libg_nano.a(lib_a-strcpy.o)
 .ARM.attributes
                0x0000062a       0x1c d:/programs/psoccreator/psoc creator/4.1/psoc creator/import/gnu/arm/5.4.1/bin/../lib/gcc/arm-none-eabi/5.4.1/../../../../arm-none-eabi/lib/armv6-m\libg_nano.a(lib_a-strlen.o)
 .ARM.attributes
                0x00000646       0x2c d:/programs/psoccreator/psoc creator/4.1/psoc creator/import/gnu/arm/5.4.1/bin/../lib/gcc/arm-none-eabi/5.4.1/../../../../arm-none-eabi/lib/armv6-m\libg_nano.a(lib_a-nano-mallocr.o)
 .ARM.attributes
                0x00000672       0x2c d:/programs/psoccreator/psoc creator/4.1/psoc creator/import/gnu/arm/5.4.1/bin/../lib/gcc/arm-none-eabi/5.4.1/../../../../arm-none-eabi/lib/armv6-m\libg_nano.a(lib_a-reent.o)
 .ARM.attributes
                0x0000069e       0x2c d:/programs/psoccreator/psoc creator/4.1/psoc creator/import/gnu/arm/5.4.1/bin/../lib/gcc/arm-none-eabi/5.4.1/../../../../arm-none-eabi/lib/armv6-m\libg_nano.a(lib_a-sbrkr.o)
 .ARM.attributes
                0x000006ca       0x2c d:/programs/psoccreator/psoc creator/4.1/psoc creator/import/gnu/arm/5.4.1/bin/../lib/gcc/arm-none-eabi/5.4.1/../../../../arm-none-eabi/lib/armv6-m\libg_nano.a(lib_a-mlock.o)
 .ARM.attributes
                0x000006f6       0x2c d:/programs/psoccreator/psoc creator/4.1/psoc creator/import/gnu/arm/5.4.1/bin/../lib/gcc/arm-none-eabi/5.4.1/../../../../arm-none-eabi/lib/armv6-m\libg_nano.a(lib_a-nano-freer.o)
 .ARM.attributes
                0x00000722       0x2c d:/programs/psoccreator/psoc creator/4.1/psoc creator/import/gnu/arm/5.4.1/bin/../lib/gcc/arm-none-eabi/5.4.1/armv6-m/crtend.o
 .ARM.attributes
                0x0000074e       0x1e d:/programs/psoccreator/psoc creator/4.1/psoc creator/import/gnu/arm/5.4.1/bin/../lib/gcc/arm-none-eabi/5.4.1/armv6-m/crtn.o
 .ARM.attributes
                0x0000076c       0x2c d:/programs/psoccreator/psoc creator/4.1/psoc creator/import/gnu/arm/5.4.1/bin/../lib/gcc/arm-none-eabi/5.4.1/../../../../arm-none-eabi/lib/armv6-m\libnosys.a(getpid.o)
 .ARM.attributes
                0x00000798       0x2c d:/programs/psoccreator/psoc creator/4.1/psoc creator/import/gnu/arm/5.4.1/bin/../lib/gcc/arm-none-eabi/5.4.1/../../../../arm-none-eabi/lib/armv6-m\libnosys.a(kill.o)

/DISCARD/
 *(.note.GNU-stack)
OUTPUT(C:\Users\ccpow_000\Desktop\CPS\eCTF\0xBU_SSS_ATM\CARD.cydsn\CortexM0\ARM_GCC_541\Release\CARD.elf elf32-littlearm)
