Archive member included to satisfy reference by file (symbol)

.\CortexM0\ARM_GCC_541\Debug\CARD.a(USER_INFO.o)
                              .\CortexM0\ARM_GCC_541\Debug\main.o (USER_INFO_Start)
.\CortexM0\ARM_GCC_541\Debug\CARD.a(USB_UART.o)
                              .\CortexM0\ARM_GCC_541\Debug\main.o (USB_UART_Start)
.\CortexM0\ARM_GCC_541\Debug\CARD.a(USB_UART_SPI_UART.o)
                              .\CortexM0\ARM_GCC_541\Debug\usbserialprotocol.o (USB_UART_SpiUartGetRxBufferSize)
.\CortexM0\ARM_GCC_541\Debug\CARD.a(USB_UART_UART.o)
                              .\CortexM0\ARM_GCC_541\Debug\CARD.a(USB_UART.o) (USB_UART_UartInit)
.\CortexM0\ARM_GCC_541\Debug\CARD.a(Reset_isr.o)
                              .\CortexM0\ARM_GCC_541\Debug\main.o (Reset_isr_StartEx)
.\CortexM0\ARM_GCC_541\Debug\CARD.a(SW1.o)
                              .\CortexM0\ARM_GCC_541\Debug\main.o (SW1_ClearInterrupt)
.\CortexM0\ARM_GCC_541\Debug\CARD.a(CyFlash.o)
                              .\CortexM0\ARM_GCC_541\Debug\CARD.a(USER_INFO.o) (CySysFlashWriteRow)
.\CortexM0\ARM_GCC_541\Debug\CARD.a(CyLib.o)
                              .\CortexM0\ARM_GCC_541\Debug\cyfitter_cfg.o (CyIntEnable)
.\CortexM0\ARM_GCC_541\Debug\CARD.a(CyLFClk.o)
                              .\CortexM0\ARM_GCC_541\Debug\cyfitter_cfg.o (CySysWdtIsr)
.\CortexM0\ARM_GCC_541\Debug\CARD.a(CyBootAsmGnu.o)
                              .\CortexM0\ARM_GCC_541\Debug\CARD.a(CyLib.o) (CyDelayCycles)
.\CortexM0\ARM_GCC_541\Debug\CARD.a(USB_UART_SPI_UART_INT.o)
                              .\CortexM0\ARM_GCC_541\Debug\CARD.a(USB_UART_UART.o) (USB_UART_SPI_UART_ISR)
..\libhydrogen.cylib\CortexM0\ARM_GCC_541\Debug\libhydrogen.a(hydrogen.o)
                              .\CortexM0\ARM_GCC_541\Debug\main.o (hydro_hash_update)
d:/programs/psoccreator/psoc creator/4.1/psoc creator/import/gnu/arm/5.4.1/bin/../lib/gcc/arm-none-eabi/5.4.1/armv6-m\libgcc.a(_udivsi3.o)
                              .\CortexM0\ARM_GCC_541\Debug\CARD.a(CyLib.o) (__aeabi_uidiv)
d:/programs/psoccreator/psoc creator/4.1/psoc creator/import/gnu/arm/5.4.1/bin/../lib/gcc/arm-none-eabi/5.4.1/armv6-m\libgcc.a(_dvmd_tls.o)
                              d:/programs/psoccreator/psoc creator/4.1/psoc creator/import/gnu/arm/5.4.1/bin/../lib/gcc/arm-none-eabi/5.4.1/armv6-m\libgcc.a(_udivsi3.o) (__aeabi_idiv0)
d:/programs/psoccreator/psoc creator/4.1/psoc creator/import/gnu/arm/5.4.1/bin/../lib/gcc/arm-none-eabi/5.4.1/armv6-m\libgcc.a(_muldi3.o)
                              ..\libhydrogen.cylib\CortexM0\ARM_GCC_541\Debug\libhydrogen.a(hydrogen.o) (__aeabi_lmul)
d:/programs/psoccreator/psoc creator/4.1/psoc creator/import/gnu/arm/5.4.1/bin/../lib/gcc/arm-none-eabi/5.4.1/../../../../arm-none-eabi/lib/armv6-m\libg_nano.a(lib_a-abort.o)
                              ..\libhydrogen.cylib\CortexM0\ARM_GCC_541\Debug\libhydrogen.a(hydrogen.o) (abort)
d:/programs/psoccreator/psoc creator/4.1/psoc creator/import/gnu/arm/5.4.1/bin/../lib/gcc/arm-none-eabi/5.4.1/../../../../arm-none-eabi/lib/armv6-m\libg_nano.a(lib_a-errno.o)
                              .\CortexM0\ARM_GCC_541\Debug\Cm0Start.o (__errno)
d:/programs/psoccreator/psoc creator/4.1/psoc creator/import/gnu/arm/5.4.1/bin/../lib/gcc/arm-none-eabi/5.4.1/../../../../arm-none-eabi/lib/armv6-m\libg_nano.a(lib_a-exit.o)
                              d:/programs/psoccreator/psoc creator/4.1/psoc creator/import/gnu/arm/5.4.1/bin/../lib/gcc/arm-none-eabi/5.4.1/../../../../arm-none-eabi/lib/armv6-m/crt0.o (exit)
d:/programs/psoccreator/psoc creator/4.1/psoc creator/import/gnu/arm/5.4.1/bin/../lib/gcc/arm-none-eabi/5.4.1/../../../../arm-none-eabi/lib/armv6-m\libg_nano.a(lib_a-impure.o)
                              d:/programs/psoccreator/psoc creator/4.1/psoc creator/import/gnu/arm/5.4.1/bin/../lib/gcc/arm-none-eabi/5.4.1/../../../../arm-none-eabi/lib/armv6-m\libg_nano.a(lib_a-exit.o) (_global_impure_ptr)
d:/programs/psoccreator/psoc creator/4.1/psoc creator/import/gnu/arm/5.4.1/bin/../lib/gcc/arm-none-eabi/5.4.1/../../../../arm-none-eabi/lib/armv6-m\libg_nano.a(lib_a-init.o)
                              d:/programs/psoccreator/psoc creator/4.1/psoc creator/import/gnu/arm/5.4.1/bin/../lib/gcc/arm-none-eabi/5.4.1/../../../../arm-none-eabi/lib/armv6-m/crt0.o (__libc_init_array)
d:/programs/psoccreator/psoc creator/4.1/psoc creator/import/gnu/arm/5.4.1/bin/../lib/gcc/arm-none-eabi/5.4.1/../../../../arm-none-eabi/lib/armv6-m\libg_nano.a(lib_a-memcpy-stub.o)
                              .\CortexM0\ARM_GCC_541\Debug\cyfitter_cfg.o (memcpy)
d:/programs/psoccreator/psoc creator/4.1/psoc creator/import/gnu/arm/5.4.1/bin/../lib/gcc/arm-none-eabi/5.4.1/../../../../arm-none-eabi/lib/armv6-m\libg_nano.a(lib_a-memmove.o)
                              ..\libhydrogen.cylib\CortexM0\ARM_GCC_541\Debug\libhydrogen.a(hydrogen.o) (memmove)
[...]
Memory Configuration

Name             Origin             Length             Attributes
rom              0x00000000         0x00008000         xr
ram              0x20000000         0x00001000         xrw
*default*        0x00000000         0xffffffff

Linker script and memory map

LOAD d:/programs/psoccreator/psoc creator/4.1/psoc creator/import/gnu/arm/5.4.1/bin/../lib/gcc/arm-none-eabi/5.4.1/armv6-m/crti.o
LOAD d:/programs/psoccreator/psoc creator/4.1/psoc creator/import/gnu/arm/5.4.1/bin/../lib/gcc/arm-none-eabi/5.4.1/armv6-m/crtbegin.o
LOAD d:/programs/psoccreator/psoc creator/4.1/psoc creator/import/gnu/arm/5.4.1/bin/../lib/gcc/arm-none-eabi/5.4.1/../../../../arm-none-eabi/lib/armv6-m/crt0.o
START GROUP
LOAD .\CortexM0\ARM_GCC_541\Debug\main.o
LOAD .\CortexM0\ARM_GCC_541\Debug\usbserialprotocol.o
LOAD .\CortexM0\ARM_GCC_541\Debug\cyfitter_cfg.o
LOAD .\CortexM0\ARM_GCC_541\Debug\cymetadata.o
LOAD .\CortexM0\ARM_GCC_541\Debug\Cm0Start.o
LOAD .\CortexM0\ARM_GCC_541\Debug\CARD.a
LOAD ..\libhydrogen.cylib\CortexM0\ARM_GCC_541\Debug\libhydrogen.a
LOAD D:\Programs\PSoCCreator\PSoC Creator\4.1\PSoC Creator\psoc\content\cycomponentlibrary\CyComponentLibrary.cylib\CortexM0\ARM_GCC_541\Debug\CyComponentLibrary.a
END GROUP
START GROUP
LOAD d:/programs/psoccreator/psoc creator/4.1/psoc creator/import/gnu/arm/5.4.1/bin/../lib/gcc/arm-none-eabi/5.4.1/armv6-m\libgcc.a
LOAD d:/programs/psoccreator/psoc creator/4.1/psoc creator/import/gnu/arm/5.4.1/bin/../lib/gcc/arm-none-eabi/5.4.1/../../../../arm-none-eabi/lib/armv6-m\libg_nano.a
LOAD d:/programs/psoccreator/psoc creator/4.1/psoc creator/import/gnu/arm/5.4.1/bin/../lib/gcc/arm-none-eabi/5.4.1/../../../../arm-none-eabi/lib/armv6-m\libc_nano.a
END GROUP
START GROUP
LOAD d:/programs/psoccreator/psoc creator/4.1/psoc creator/import/gnu/arm/5.4.1/bin/../lib/gcc/arm-none-eabi/5.4.1/armv6-m\libgcc.a
LOAD d:/programs/psoccreator/psoc creator/4.1/psoc creator/import/gnu/arm/5.4.1/bin/../lib/gcc/arm-none-eabi/5.4.1/../../../../arm-none-eabi/lib/armv6-m\libc_nano.a
END GROUP
LOAD d:/programs/psoccreator/psoc creator/4.1/psoc creator/import/gnu/arm/5.4.1/bin/../lib/gcc/arm-none-eabi/5.4.1/armv6-m/crtend.o
LOAD d:/programs/psoccreator/psoc creator/4.1/psoc creator/import/gnu/arm/5.4.1/bin/../lib/gcc/arm-none-eabi/5.4.1/armv6-m/crtn.o
START GROUP
LOAD d:/programs/psoccreator/psoc creator/4.1/psoc creator/import/gnu/arm/5.4.1/bin/../lib/gcc/arm-none-eabi/5.4.1/armv6-m\libgcc.a
LOAD d:/programs/psoccreator/psoc creator/4.1/psoc creator/import/gnu/arm/5.4.1/bin/../lib/gcc/arm-none-eabi/5.4.1/../../../../arm-none-eabi/lib/armv6-m\libc.a
LOAD d:/programs/psoccreator/psoc creator/4.1/psoc creator/import/gnu/arm/5.4.1/bin/../lib/gcc/arm-none-eabi/5.4.1/../../../../arm-none-eabi/lib/armv6-m\libnosys.a
END GROUP
                0x00000000                CY_APPL_ORIGIN = 0x0
                0x00000080                CY_FLASH_ROW_SIZE = 0x80
                0x00000001                CY_APPL_NUM = 0x1
                0x00000001                CY_APPL_MAX = 0x1
                0x00000040                CY_METADATA_SIZE = 0x40
                0x00000000                CY_APPL_LOADABLE = 0x0
                0x00000000                CY_CHECKSUM_EXCLUDE_SIZE = ALIGN (0x0, CY_FLASH_ROW_SIZE)
                0x00000000                CY_APP_FOR_STACK_AND_COPIER = 0x0
                [!provide]                PROVIDE (__cy_heap_start, _end)
                0x00000001                PROVIDE (__cy_region_num, ((__cy_regions_end - __cy_regions) / 0x10))
                0x20001000                PROVIDE (__cy_stack, (ORIGIN (ram) + LENGTH (ram)))
                [!provide]                PROVIDE (__cy_heap_end, (__cy_stack - 0x400))

.cybootloader   0x00000000        0x0
 *(.cybootloader)
                0x00000000                appl1_start = CY_APPL_ORIGIN?CY_APPL_ORIGIN:ALIGN (CY_FLASH_ROW_SIZE)
                0x00003f80                appl2_start = (appl1_start + ALIGN ((((LENGTH (rom) - appl1_start) - (0x2 * CY_FLASH_ROW_SIZE)) / 0x2), CY_FLASH_ROW_SIZE))
                0x00000000                appl_start = (CY_APPL_NUM == 0x1)?appl1_start:appl2_start
                0x00000001                cy_project_type_bootloader = (appl_start == 0x0)?0x1:0x0
                0x00000000                cy_project_type_app_for_stack_and_copier = (CY_APP_FOR_STACK_AND_COPIER == 0x1)?0x1:0x0

.text           0x00000000     0x1ee4
 CREATE_OBJECT_SYMBOLS
                0x00000000                PROVIDE (__cy_interrupt_vector, RomVectors)
 *(.romvectors)
 .romvectors    0x00000000       0x10 .\CortexM0\ARM_GCC_541\Debug\Cm0Start.o
                0x00000000                RomVectors
                0x00000001                ASSERT ((. != __cy_interrupt_vector), No interrupt vector)
                0x00000001                ASSERT (CY_APPL_ORIGIN?(SIZEOF (.cybootloader) <= CY_APPL_ORIGIN):0x1, Wrong image location)
                0x00000010                PROVIDE (__cy_reset, Reset)
 *(.text.Reset)
 .text.Reset    0x00000010        0x8 .\CortexM0\ARM_GCC_541\Debug\Cm0Start.o
                0x00000010                Reset
                0x00000001                ASSERT ((. != __cy_reset), No reset code)
 *(.psocinit)
 .psocinit      0x00000018      0x200 .\CortexM0\ARM_GCC_541\Debug\cyfitter_cfg.o
                0x000000a8                cyfitter_cfg
                0x00000218                . = MAX (., 0x100)
 *(.text .text.* .gnu.linkonce.t.*)
 .text          0x00000218       0x60 d:/programs/psoccreator/psoc creator/4.1/psoc creator/import/gnu/arm/5.4.1/bin/../lib/gcc/arm-none-eabi/5.4.1/armv6-m/crtbegin.o
 .text.eeprom_copy
                0x00000278       0x14 .\CortexM0\ARM_GCC_541\Debug\main.o
 .text.Reset_ISR
                0x0000028c        0xc .\CortexM0\ARM_GCC_541\Debug\main.o
                0x0000028c                Reset_ISR
 .text.provision
                0x00000298       0x74 .\CortexM0\ARM_GCC_541\Debug\main.o
                0x00000298                provision
 .text.generate_keys
                0x0000030c       0x44 .\CortexM0\ARM_GCC_541\Debug\main.o
                0x0000030c                generate_keys
 .text.main     0x00000350       0xf0 .\CortexM0\ARM_GCC_541\Debug\main.o
                0x00000350                main
 .text.getValidByte
                0x00000440       0x14 .\CortexM0\ARM_GCC_541\Debug\usbserialprotocol.o
                0x00000440                getValidByte
 .text.pushMessage
                0x00000454       0x1c .\CortexM0\ARM_GCC_541\Debug\usbserialprotocol.o
                0x00000454                pushMessage
 .text.pullMessage
                0x00000470       0x1c .\CortexM0\ARM_GCC_541\Debug\usbserialprotocol.o
                0x00000470                pullMessage
 .text.syncConnection
                0x0000048c       0x84 .\CortexM0\ARM_GCC_541\Debug\usbserialprotocol.o
                0x0000048c                syncConnection
 .text.cfg_write_bytes32
                0x00000510       0x34 .\CortexM0\ARM_GCC_541\Debug\cyfitter_cfg.o
 .text.CYMEMZERO
                0x00000544        0xc .\CortexM0\ARM_GCC_541\Debug\cyfitter_cfg.o
 .text.CYCONFIGCPYCODE
                0x00000550        0x8 .\CortexM0\ARM_GCC_541\Debug\cyfitter_cfg.o
 .text.IntDefaultHandler
                0x00000558       0x10 .\CortexM0\ARM_GCC_541\Debug\Cm0Start.o
                0x00000558                IntDefaultHandler
 .text._exit    0x00000568        0xc .\CortexM0\ARM_GCC_541\Debug\Cm0Start.o
                0x00000568                _exit
 .text.Start_c  0x00000574       0x48 .\CortexM0\ARM_GCC_541\Debug\Cm0Start.o
                0x00000574                Start_c
 .text.initialize_psoc
                0x000005bc       0x40 .\CortexM0\ARM_GCC_541\Debug\Cm0Start.o
                0x000005bc                initialize_psoc
 .text.USER_INFO_Start
                0x000005fc        0x4 .\CortexM0\ARM_GCC_541\Debug\CARD.a(USER_INFO.o)
                0x000005fc                USER_INFO_Start
 .text.USER_INFO_Write
                0x00000600       0x84 .\CortexM0\ARM_GCC_541\Debug\CARD.a(USER_INFO.o)
                0x00000600                USER_INFO_Write
 .text.USB_UART_ScbEnableIntr
                0x00000684        0xc .\CortexM0\ARM_GCC_541\Debug\CARD.a(USB_UART.o)
 .text.USB_UART_ScbModePostEnable
                0x00000690        0x8 .\CortexM0\ARM_GCC_541\Debug\CARD.a(USB_UART.o)
 .text.USB_UART_Init
                0x00000698        0x8 .\CortexM0\ARM_GCC_541\Debug\CARD.a(USB_UART.o)
                0x00000698                USB_UART_Init
 .text.USB_UART_Enable
                0x000006a0       0x1c .\CortexM0\ARM_GCC_541\Debug\CARD.a(USB_UART.o)
                0x000006a0                USB_UART_Enable
 .text.USB_UART_Start
                0x000006bc       0x20 .\CortexM0\ARM_GCC_541\Debug\CARD.a(USB_UART.o)
                0x000006bc                USB_UART_Start
 .text.USB_UART_SpiUartReadRxData
                0x000006dc       0x34 .\CortexM0\ARM_GCC_541\Debug\CARD.a(USB_UART_SPI_UART.o)
                0x000006dc                USB_UART_SpiUartReadRxData
 .text.USB_UART_SpiUartGetRxBufferSize
                0x00000710       0x28 .\CortexM0\ARM_GCC_541\Debug\CARD.a(USB_UART_SPI_UART.o)
                0x00000710                USB_UART_SpiUartGetRxBufferSize
 .text.USB_UART_SpiUartWriteTxData
                0x00000738       0x70 .\CortexM0\ARM_GCC_541\Debug\CARD.a(USB_UART_SPI_UART.o)
                0x00000738                USB_UART_SpiUartWriteTxData
 .text.USB_UART_UartInit
                0x000007a8       0xdc .\CortexM0\ARM_GCC_541\Debug\CARD.a(USB_UART_UART.o)
                0x000007a8                USB_UART_UartInit
 .text.USB_UART_UartPostEnable
                0x00000884       0x24 .\CortexM0\ARM_GCC_541\Debug\CARD.a(USB_UART_UART.o)
                0x00000884                USB_UART_UartPostEnable
 .text.USB_UART_UartGetByte
                0x000008a8       0x4c .\CortexM0\ARM_GCC_541\Debug\CARD.a(USB_UART_UART.o)
                0x000008a8                USB_UART_UartGetByte
 .text.Reset_isr_SetVector
                0x000008f4        0xc .\CortexM0\ARM_GCC_541\Debug\CARD.a(Reset_isr.o)
                0x000008f4                Reset_isr_SetVector
 .text.Reset_isr_SetPriority
                0x00000900       0x20 .\CortexM0\ARM_GCC_541\Debug\CARD.a(Reset_isr.o)
                0x00000900                Reset_isr_SetPriority
 .text.Reset_isr_Enable
                0x00000920        0xc .\CortexM0\ARM_GCC_541\Debug\CARD.a(Reset_isr.o)
                0x00000920                Reset_isr_Enable
 .text.Reset_isr_Disable
                0x0000092c        0xc .\CortexM0\ARM_GCC_541\Debug\CARD.a(Reset_isr.o)
                0x0000092c                Reset_isr_Disable
 .text.Reset_isr_StartEx
                0x00000938       0x1c .\CortexM0\ARM_GCC_541\Debug\CARD.a(Reset_isr.o)
                0x00000938                Reset_isr_StartEx
 .text.SW1_ClearInterrupt
                0x00000954       0x14 .\CortexM0\ARM_GCC_541\Debug\CARD.a(SW1.o)
                0x00000954                SW1_ClearInterrupt
 .text.CySysFlashClockBackup
                0x00000968       0x14 .\CortexM0\ARM_GCC_541\Debug\CARD.a(CyFlash.o)
 .text.CySysFlashClockRestore
                0x0000097c       0x14 .\CortexM0\ARM_GCC_541\Debug\CARD.a(CyFlash.o)
 .text.CySysFlashWriteRow
                0x00000990      0x208 .\CortexM0\ARM_GCC_541\Debug\CARD.a(CyFlash.o)
                0x00000990                CySysFlashWriteRow
 .text.CyIntEnable
                0x00000b98       0x14 .\CortexM0\ARM_GCC_541\Debug\CARD.a(CyLib.o)
                0x00000b98                CyIntEnable
 .text.CyIntDisable
                0x00000bac       0x14 .\CortexM0\ARM_GCC_541\Debug\CARD.a(CyLib.o)
                0x00000bac                CyIntDisable
 .text.CyHalt   0x00000bc0        0x4 .\CortexM0\ARM_GCC_541\Debug\CARD.a(CyLib.o)
                0x00000bc0                CyHalt
 .text.CyIntSetVector
                0x00000bc4       0x24 .\CortexM0\ARM_GCC_541\Debug\CARD.a(CyLib.o)
                0x00000bc4                CyIntSetVector
 .text.CyIntSetPriority
                0x00000be8       0x4c .\CortexM0\ARM_GCC_541\Debug\CARD.a(CyLib.o)
                0x00000be8                CyIntSetPriority
 .text.CySoftwareReset
                0x00000c34       0x18 .\CortexM0\ARM_GCC_541\Debug\CARD.a(CyLib.o)
                0x00000c34                CySoftwareReset
 .text.CyDelayUs
                0x00000c4c       0x14 .\CortexM0\ARM_GCC_541\Debug\CARD.a(CyLib.o)
                0x00000c4c                CyDelayUs
 .text.CySysClkWriteImoFreq
                0x00000c60      0x164 .\CortexM0\ARM_GCC_541\Debug\CARD.a(CyLib.o)
                0x00000c60                CySysClkWriteImoFreq
 .text.CySysWdtLocked
                0x00000dc4       0x14 .\CortexM0\ARM_GCC_541\Debug\CARD.a(CyLFClk.o)
 .text.CySysWdtLock
                0x00000dd8       0x1c .\CortexM0\ARM_GCC_541\Debug\CARD.a(CyLFClk.o)
                0x00000dd8                CySysWdtLock
 .text.CySysWdtUnlock
                0x00000df4       0x30 .\CortexM0\ARM_GCC_541\Debug\CARD.a(CyLFClk.o)
                0x00000df4                CySysWdtUnlock
 .text.CySysWdtClearInterrupt
                0x00000e24       0x4c .\CortexM0\ARM_GCC_541\Debug\CARD.a(CyLFClk.o)
                0x00000e24                CySysWdtClearInterrupt
 .text.CySysWdtIsr
                0x00000e70       0xa4 .\CortexM0\ARM_GCC_541\Debug\CARD.a(CyLFClk.o)
                0x00000e70                CySysWdtIsr
 *fill*         0x00000f14        0x4 
 .text          0x00000f18       0x24 .\CortexM0\ARM_GCC_541\Debug\CARD.a(CyBootAsmGnu.o)
                0x00000f18                CyDelayCycles
                0x00000f2c                CyEnterCriticalSection
                0x00000f34                CyExitCriticalSection
 .text.USB_UART_SPI_UART_ISR
                0x00000f3c       0xe4 .\CortexM0\ARM_GCC_541\Debug\CARD.a(USB_UART_SPI_UART_INT.o)
                0x00000f3c                USB_UART_SPI_UART_ISR
 .text.gimli_core
                0x00001020       0xd0 ..\libhydrogen.cylib\CortexM0\ARM_GCC_541\Debug\libhydrogen.a(hydrogen.o)
 .text.gimli_core_u8
                0x000010f0       0x10 ..\libhydrogen.cylib\CortexM0\ARM_GCC_541\Debug\libhydrogen.a(hydrogen.o)
 .text.hydro_x25519_propagate
                0x00001100       0x60 ..\libhydrogen.cylib\CortexM0\ARM_GCC_541\Debug\libhydrogen.a(hydrogen.o)
 .text.hydro_x25519_add
                0x00001160       0x5c ..\libhydrogen.cylib\CortexM0\ARM_GCC_541\Debug\libhydrogen.a(hydrogen.o)
 .text.hydro_x25519_sub
                0x000011bc       0x70 ..\libhydrogen.cylib\CortexM0\ARM_GCC_541\Debug\libhydrogen.a(hydrogen.o)
 .text.hydro_x25519_mul
                0x0000122c      0x108 ..\libhydrogen.cylib\CortexM0\ARM_GCC_541\Debug\libhydrogen.a(hydrogen.o)
 .text.hydro_x25519_sqr
                0x00001334        0xc ..\libhydrogen.cylib\CortexM0\ARM_GCC_541\Debug\libhydrogen.a(hydrogen.o)
 .text.hydro_x25519_mul1
                0x00001340        0xc ..\libhydrogen.cylib\CortexM0\ARM_GCC_541\Debug\libhydrogen.a(hydrogen.o)
 .text.hydro_x25519_sqr1
                0x0000134c        0xc ..\libhydrogen.cylib\CortexM0\ARM_GCC_541\Debug\libhydrogen.a(hydrogen.o)
 .text.hydro_x25519_condswap
                0x00001358       0x28 ..\libhydrogen.cylib\CortexM0\ARM_GCC_541\Debug\libhydrogen.a(hydrogen.o)
 .text.hydro_x25519_canon
                0x00001380       0xa8 ..\libhydrogen.cylib\CortexM0\ARM_GCC_541\Debug\libhydrogen.a(hydrogen.o)
 .text.hydro_x25519_ladder_part1
                0x00001428       0x9c ..\libhydrogen.cylib\CortexM0\ARM_GCC_541\Debug\libhydrogen.a(hydrogen.o)
 .text.hydro_x25519_ladder_part2
                0x000014c4       0x54 ..\libhydrogen.cylib\CortexM0\ARM_GCC_541\Debug\libhydrogen.a(hydrogen.o)
 .text.hydro_x25519_sc_montmul
                0x00001518      0x1b8 ..\libhydrogen.cylib\CortexM0\ARM_GCC_541\Debug\libhydrogen.a(hydrogen.o)
 .text.hydro_x25519_swapin
                0x000016d0       0x2c ..\libhydrogen.cylib\CortexM0\ARM_GCC_541\Debug\libhydrogen.a(hydrogen.o)
 .text.hydro_x25519_core
                0x000016fc       0xc4 ..\libhydrogen.cylib\CortexM0\ARM_GCC_541\Debug\libhydrogen.a(hydrogen.o)
 .text.hydro_x25519_swapout
                0x000017c0       0x34 ..\libhydrogen.cylib\CortexM0\ARM_GCC_541\Debug\libhydrogen.a(hydrogen.o)
 .text.hydro_x25519_scalarmult
                0x000017f4       0x5c ..\libhydrogen.cylib\CortexM0\ARM_GCC_541\Debug\libhydrogen.a(hydrogen.o)
 .text.hydro_sign_p2
                0x00001850       0x5c ..\libhydrogen.cylib\CortexM0\ARM_GCC_541\Debug\libhydrogen.a(hydrogen.o)
 .text.hydro_random_ratchet
                0x000018ac       0x40 ..\libhydrogen.cylib\CortexM0\ARM_GCC_541\Debug\libhydrogen.a(hydrogen.o)
                0x000018ac                hydro_random_ratchet
 .text.hydro_random_buf
                0x000018ec       0x54 ..\libhydrogen.cylib\CortexM0\ARM_GCC_541\Debug\libhydrogen.a(hydrogen.o)
                0x000018ec                hydro_random_buf
 .text.hydro_random_buf_deterministic
                0x00001940       0xd4 ..\libhydrogen.cylib\CortexM0\ARM_GCC_541\Debug\libhydrogen.a(hydrogen.o)
                0x00001940                hydro_random_buf_deterministic
 .text.hydro_hash_update
                0x00001a14       0x68 ..\libhydrogen.cylib\CortexM0\ARM_GCC_541\Debug\libhydrogen.a(hydrogen.o)
                0x00001a14                hydro_hash_update
 .text.hydro_hash_init
                0x00001a7c       0x90 ..\libhydrogen.cylib\CortexM0\ARM_GCC_541\Debug\libhydrogen.a(hydrogen.o)
                0x00001a7c                hydro_hash_init
 .text.hydro_hash_final
                0x00001b0c       0xb4 ..\libhydrogen.cylib\CortexM0\ARM_GCC_541\Debug\libhydrogen.a(hydrogen.o)
                0x00001b0c                hydro_hash_final
 .text.hydro_sign_challenge
                0x00001bc0       0x48 ..\libhydrogen.cylib\CortexM0\ARM_GCC_541\Debug\libhydrogen.a(hydrogen.o)
 .text.hydro_sign_prehash
                0x00001c08       0x8c ..\libhydrogen.cylib\CortexM0\ARM_GCC_541\Debug\libhydrogen.a(hydrogen.o)
 .text.hydro_sign_keygen_deterministic
                0x00001c94       0x3c ..\libhydrogen.cylib\CortexM0\ARM_GCC_541\Debug\libhydrogen.a(hydrogen.o)
                0x00001c94                hydro_sign_keygen_deterministic
 .text.hydro_sign_init
                0x00001cd0        0xc ..\libhydrogen.cylib\CortexM0\ARM_GCC_541\Debug\libhydrogen.a(hydrogen.o)
                0x00001cd0                hydro_sign_init
 .text.hydro_sign_update
                0x00001cdc        0x8 ..\libhydrogen.cylib\CortexM0\ARM_GCC_541\Debug\libhydrogen.a(hydrogen.o)
                0x00001cdc                hydro_sign_update
 .text.hydro_sign_final_create
                0x00001ce4       0x20 ..\libhydrogen.cylib\CortexM0\ARM_GCC_541\Debug\libhydrogen.a(hydrogen.o)
                0x00001ce4                hydro_sign_final_create
 .text.hydro_sign_create
                0x00001d04       0x48 ..\libhydrogen.cylib\CortexM0\ARM_GCC_541\Debug\libhydrogen.a(hydrogen.o)
                0x00001d04                hydro_sign_create
 .text          0x00001d4c       0x58 d:/programs/psoccreator/psoc creator/4.1/psoc creator/import/gnu/arm/5.4.1/bin/../lib/gcc/arm-none-eabi/5.4.1/armv6-m\libgcc.a(_muldi3.o)
                0x00001d4c                __muldi3
                0x00001d4c                __aeabi_lmul
 .text.abort    0x00001da4        0xe d:/programs/psoccreator/psoc creator/4.1/psoc creator/import/gnu/arm/5.4.1/bin/../lib/gcc/arm-none-eabi/5.4.1/../../../../arm-none-eabi/lib/armv6-m\libg_nano.a(lib_a-abort.o)
                0x00001da4                abort
 *fill*         0x00001db2        0x2 
 .text.__errno  0x00001db4        0xc d:/programs/psoccreator/psoc creator/4.1/psoc creator/import/gnu/arm/5.4.1/bin/../lib/gcc/arm-none-eabi/5.4.1/../../../../arm-none-eabi/lib/armv6-m\libg_nano.a(lib_a-errno.o)
                0x00001db4                __errno
 .text.__libc_init_array
                0x00001dc0       0x4c d:/programs/psoccreator/psoc creator/4.1/psoc creator/import/gnu/arm/5.4.1/bin/../lib/gcc/arm-none-eabi/5.4.1/../../../../arm-none-eabi/lib/armv6-m\libg_nano.a(lib_a-init.o)
                0x00001dc0                __libc_init_array
 .text.memcpy   0x00001e0c       0x12 d:/programs/psoccreator/psoc creator/4.1/psoc creator/import/gnu/arm/5.4.1/bin/../lib/gcc/arm-none-eabi/5.4.1/../../../../arm-none-eabi/lib/armv6-m\libg_nano.a(lib_a-memcpy-stub.o)
                0x00001e0c                memcpy
 .text.memset   0x00001e1e       0x10 d:/programs/psoccreator/psoc creator/4.1/psoc creator/import/gnu/arm/5.4.1/bin/../lib/gcc/arm-none-eabi/5.4.1/../../../../arm-none-eabi/lib/armv6-m\libg_nano.a(lib_a-memset.o)
                0x00001e1e                memset
 .text._raise_r
                0x00001e2e       0x54 d:/programs/psoccreator/psoc creator/4.1/psoc creator/import/gnu/arm/5.4.1/bin/../lib/gcc/arm-none-eabi/5.4.1/../../../../arm-none-eabi/lib/armv6-m\libg_nano.a(lib_a-signal.o)
                0x00001e2e                _raise_r
 *fill*         0x00001e82        0x2 
 .text.raise    0x00001e84       0x14 d:/programs/psoccreator/psoc creator/4.1/psoc creator/import/gnu/arm/5.4.1/bin/../lib/gcc/arm-none-eabi/5.4.1/../../../../arm-none-eabi/lib/armv6-m\libg_nano.a(lib_a-signal.o)
                0x00001e84                raise
 .text._kill_r  0x00001e98       0x24 d:/programs/psoccreator/psoc creator/4.1/psoc creator/import/gnu/arm/5.4.1/bin/../lib/gcc/arm-none-eabi/5.4.1/../../../../arm-none-eabi/lib/armv6-m\libg_nano.a(lib_a-signalr.o)
                0x00001e98                _kill_r
 .text._getpid_r
                0x00001ebc        0x8 d:/programs/psoccreator/psoc creator/4.1/psoc creator/import/gnu/arm/5.4.1/bin/../lib/gcc/arm-none-eabi/5.4.1/../../../../arm-none-eabi/lib/armv6-m\libg_nano.a(lib_a-signalr.o)
                0x00001ebc                _getpid_r
 .text._getpid  0x00001ec4       0x10 d:/programs/psoccreator/psoc creator/4.1/psoc creator/import/gnu/arm/5.4.1/bin/../lib/gcc/arm-none-eabi/5.4.1/../../../../arm-none-eabi/lib/armv6-m\libnosys.a(getpid.o)
                0x00001ec4                _getpid
 .text._kill    0x00001ed4       0x10 d:/programs/psoccreator/psoc creator/4.1/psoc creator/import/gnu/arm/5.4.1/bin/../lib/gcc/arm-none-eabi/5.4.1/../../../../arm-none-eabi/lib/armv6-m\libnosys.a(kill.o)
                0x00001ed4                _kill
 *(.plt)
 *(.gnu.warning)
 *(.glue_7t)
 .glue_7t       0x00001ee4        0x0 linker stubs
 *(.glue_7)
 .glue_7        0x00001ee4        0x0 linker stubs
 *(.vfp11_veneer)
 .vfp11_veneer  0x00001ee4        0x0 linker stubs
 *(.bootloader)
 *(.ARM.extab* .gnu.linkonce.armextab.*)
 *(.gcc_except_table)

.v4_bx          0x00001ee4        0x0
 .v4_bx         0x00001ee4        0x0 linker stubs

.iplt           0x00001ee4        0x0
 .iplt          0x00001ee4        0x0 d:/programs/psoccreator/psoc creator/4.1/psoc creator/import/gnu/arm/5.4.1/bin/../lib/gcc/arm-none-eabi/5.4.1/armv6-m/crtbegin.o

.eh_frame_hdr
 *(.eh_frame_hdr)

.eh_frame       0x00001ee4        0x4
 *(.eh_frame)
 .eh_frame      0x00001ee4        0x0 d:/programs/psoccreator/psoc creator/4.1/psoc creator/import/gnu/arm/5.4.1/bin/../lib/gcc/arm-none-eabi/5.4.1/armv6-m/crtbegin.o
 .eh_frame      0x00001ee4        0x4 d:/programs/psoccreator/psoc creator/4.1/psoc creator/import/gnu/arm/5.4.1/bin/../lib/gcc/arm-none-eabi/5.4.1/armv6-m/crtend.o
                [!provide]                PROVIDE (__exidx_start, .)

.ARM.exidx
 *(.ARM.exidx* .gnu.linkonce.armexidx.*)
                0x00001ee8                __exidx_end = .

.rodata         0x00001ee8      0x4a8
 *(.rodata .rodata.* .gnu.linkonce.r.*)
 .rodata        0x00001ee8       0x78 .\CortexM0\ARM_GCC_541\Debug\main.o
 .rodata        0x00001f60        0x4 .\CortexM0\ARM_GCC_541\Debug\usbserialprotocol.o
 .rodata        0x00001f64      0x2f8 .\CortexM0\ARM_GCC_541\Debug\cyfitter_cfg.o
 .rodata        0x0000225c       0x2e .\CortexM0\ARM_GCC_541\Debug\CARD.a(CyLib.o)
                0x0000225c                cyImoFreqMhz2Reg
 *fill*         0x0000228a        0x2 
 .rodata        0x0000228c       0xcc ..\libhydrogen.cylib\CortexM0\ARM_GCC_541\Debug\libhydrogen.a(hydrogen.o)
 .rodata.str1.1
                0x00002358        0x2 d:/programs/psoccreator/psoc creator/4.1/psoc creator/import/gnu/arm/5.4.1/bin/../lib/gcc/arm-none-eabi/5.4.1/../../../../arm-none-eabi/lib/armv6-m\libg_nano.a(lib_a-impure.o)
                0x0000235c                . = ALIGN (0x4)
 *fill*         0x0000235a        0x2 
 *(.init)
 .init          0x0000235c        0x4 d:/programs/psoccreator/psoc creator/4.1/psoc creator/import/gnu/arm/5.4.1/bin/../lib/gcc/arm-none-eabi/5.4.1/armv6-m/crti.o
                0x0000235c                _init
 .init          0x00002360        0x8 d:/programs/psoccreator/psoc creator/4.1/psoc creator/import/gnu/arm/5.4.1/bin/../lib/gcc/arm-none-eabi/5.4.1/armv6-m/crtn.o
                0x00002368                . = ALIGN (0x4)
                0x00002368                __preinit_array_start = .
 *(.preinit_array)
                0x00002368                __preinit_array_end = .
                0x00002368                . = ALIGN (0x4)
                0x00002368                __init_array_start = .
 *(SORT(.init_array.*))
 *(.init_array)
 .init_array    0x00002368        0x4 d:/programs/psoccreator/psoc creator/4.1/psoc creator/import/gnu/arm/5.4.1/bin/../lib/gcc/arm-none-eabi/5.4.1/armv6-m/crtbegin.o
 .init_array    0x0000236c        0x4 .\CortexM0\ARM_GCC_541\Debug\Cm0Start.o
                0x00002370                __init_array_end = .
                0x00002370                . = ALIGN (0x4)
 *(.fini)
 .fini          0x00002370        0x4 d:/programs/psoccreator/psoc creator/4.1/psoc creator/import/gnu/arm/5.4.1/bin/../lib/gcc/arm-none-eabi/5.4.1/armv6-m/crti.o
                0x00002370                _fini
 .fini          0x00002374        0x8 d:/programs/psoccreator/psoc creator/4.1/psoc creator/import/gnu/arm/5.4.1/bin/../lib/gcc/arm-none-eabi/5.4.1/armv6-m/crtn.o
                0x0000237c                . = ALIGN (0x4)
                0x0000237c                __fini_array_start = .
 *(.fini_array)
 .fini_array    0x0000237c        0x4 d:/programs/psoccreator/psoc creator/4.1/psoc creator/import/gnu/arm/5.4.1/bin/../lib/gcc/arm-none-eabi/5.4.1/armv6-m/crtbegin.o
 *(SORT(.fini_array.*))
                0x00002380                __fini_array_end = .
                0x00002380                . = ALIGN (0x4)
 *crtbegin.o(.ctors)
 *(EXCLUDE_FILE(*crtend.o) .ctors)
 *(SORT(.ctors.*))
 *crtend.o(.ctors)
                0x00002380                . = ALIGN (0x4)
 *crtbegin.o(.dtors)
 *(EXCLUDE_FILE(*crtend.o) .dtors)
 *(SORT(.dtors.*))
 *crtend.o(.dtors)
                0x00002380                . = ALIGN (0x4)
                0x00002380                __cy_regions = .
                0x00002380        0x4 LONG 0x2390 __cy_region_init_ram
                0x00002384        0x4 LONG 0x200000c0 __cy_region_start_data
                0x00002388        0x4 LONG 0x80 __cy_region_init_size_ram
                0x0000238c        0x4 LONG 0x1a8 __cy_region_zero_size_ram
                0x00002390                __cy_regions_end = .
                0x00002390                . = ALIGN (0x8)
                0x00002390                _etext = .

.cy_checksum_exclude
                0x00002390        0x0
 *(.cy_checksum_exclude)

.ramvectors     0x20000000       0xc0
                0x20000000                __cy_region_start_ram = .
 *(.ramvectors)
 .ramvectors    0x20000000       0xc0 .\CortexM0\ARM_GCC_541\Debug\Cm0Start.o
                0x20000000                CyRamVectors

.noinit
 *(.noinit)

.data           0x200000c0       0x80 load address 0x00002390
                0x200000c0                __cy_region_start_data = .
 *(.jcr)
 .jcr           0x200000c0        0x0 d:/programs/psoccreator/psoc creator/4.1/psoc creator/import/gnu/arm/5.4.1/bin/../lib/gcc/arm-none-eabi/5.4.1/armv6-m/crtbegin.o
 .jcr           0x200000c0        0x4 d:/programs/psoccreator/psoc creator/4.1/psoc creator/import/gnu/arm/5.4.1/bin/../lib/gcc/arm-none-eabi/5.4.1/armv6-m/crtend.o
 *(.got.plt)
 *(.got)
 *(.shdata)
 *(.data .data.* .gnu.linkonce.d.*)
 .data          0x200000c4       0x14 .\CortexM0\ARM_GCC_541\Debug\CARD.a(CyLib.o)
                0x200000c4                CySysClkPumpConfig
                0x200000c8                cydelay32kMs
                0x200000cc                cydelayFreqKhz
                0x200000d0                cydelayFreqMhz
                0x200000d4                cydelayFreqHz
 .data          0x200000d8        0x4 .\CortexM0\ARM_GCC_541\Debug\CARD.a(CyLFClk.o)
 .data.impure_data
                0x200000dc       0x60 d:/programs/psoccreator/psoc creator/4.1/psoc creator/import/gnu/arm/5.4.1/bin/../lib/gcc/arm-none-eabi/5.4.1/../../../../arm-none-eabi/lib/armv6-m\libg_nano.a(lib_a-impure.o)
 .data._impure_ptr
                0x2000013c        0x4 d:/programs/psoccreator/psoc creator/4.1/psoc creator/import/gnu/arm/5.4.1/bin/../lib/gcc/arm-none-eabi/5.4.1/../../../../arm-none-eabi/lib/armv6-m\libg_nano.a(lib_a-impure.o)
                0x2000013c                _impure_ptr
                0x20000140                . = ALIGN (0x8)
 *(.ram)
                0x20000140                _edata = .

.igot.plt       0x20000140        0x0 load address 0x00002410
 .igot.plt      0x20000140        0x0 d:/programs/psoccreator/psoc creator/4.1/psoc creator/import/gnu/arm/5.4.1/bin/../lib/gcc/arm-none-eabi/5.4.1/armv6-m/crtbegin.o

.bss            0x20000140      0x1a8 load address 0x00002410
                0x20000140                PROVIDE (__bss_start__, .)
 *(.shbss)
 *(.bss .bss.* .gnu.linkonce.b.*)
 .bss           0x20000140       0x1c d:/programs/psoccreator/psoc creator/4.1/psoc creator/import/gnu/arm/5.4.1/bin/../lib/gcc/arm-none-eabi/5.4.1/armv6-m/crtbegin.o
 .bss           0x2000015c        0xa .\CortexM0\ARM_GCC_541\Debug\CARD.a(USB_UART.o)
                0x2000015c                USB_UART_initVar
                0x20000160                USB_UART_customIntrHandler
                0x20000164                USB_UART_IntrTxMask
 *fill*         0x20000166        0x2 
 .bss           0x20000168        0x4 .\CortexM0\ARM_GCC_541\Debug\CARD.a(CyFlash.o)
 .bss           0x2000016c       0x20 .\CortexM0\ARM_GCC_541\Debug\CARD.a(CyLFClk.o)
 *fill*         0x2000018c        0x4 
 .bss           0x20000190       0x40 ..\libhydrogen.cylib\CortexM0\ARM_GCC_541\Debug\libhydrogen.a(hydrogen.o)
 *(COMMON)
 COMMON         0x200001d0      0x112 .\CortexM0\ARM_GCC_541\Debug\CARD.a(USB_UART_SPI_UART.o)
                0x200001d0                USB_UART_txBufferTail
                0x200001d4                USB_UART_rxBufferTail
                0x200001d8                USB_UART_txBufferInternal
                0x20000258                USB_UART_rxBufferHead
                0x2000025c                USB_UART_txBufferHead
                0x20000260                USB_UART_rxBufferInternal
                0x200002e1                USB_UART_rxBufferOverflow
 *fill*         0x200002e2        0x2 
 COMMON         0x200002e4        0x4 d:/programs/psoccreator/psoc creator/4.1/psoc creator/import/gnu/arm/5.4.1/bin/../lib/gcc/arm-none-eabi/5.4.1/../../../../arm-none-eabi/lib/armv6-m\libg_nano.a(lib_a-reent.o)
                0x200002e4                errno
                0x200002e8                . = ALIGN (0x8)
 *(.ram.b)
                0x200002e8                _end = .
                0x200002e8                __end = .
                0x200002e8                PROVIDE (end, .)
                0x200002e8                PROVIDE (__bss_end__, .)
                0x00002390                __cy_region_init_ram = LOADADDR (.data)
                0x00000080                __cy_region_init_size_ram = (_edata - ADDR (.data))
                0x000001a8                __cy_region_zero_size_ram = (_end - _edata)

.heap           0x200002e8      0x1f0 load address 0x00002410
                0x200002e8                . = _end
                0x200004d8                . = (. + 0x1f0)
 *fill*         0x200002e8      0x1f0 
                0x200004d8                __cy_heap_limit = .

.stack          0x20000c00      0x400
                0x20000c00                __cy_stack_limit = .
                0x20001000                . = (. + 0x400)
 *fill*         0x20000c00      0x400 
                0x00000001                ASSERT ((__cy_stack_limit >= __cy_heap_limit), region RAM overflowed with stack)
                0x00000000                cy_checksum_exclude_size = (CY_APPL_LOADABLE == 0x1)?SIZEOF (.cy_checksum_exclude):0x0
                0x00000001                ASSERT ((cy_checksum_exclude_size <= CY_CHECKSUM_EXCLUDE_SIZE), CY_BOOT: Section .cy_checksum_exclude size exceedes specified limit.)
                0x00007fc0                cyloadermeta_start = (cy_project_type_bootloader || cy_project_type_app_for_stack_and_copier)?(LENGTH (rom) - CY_METADATA_SIZE):0xf0000000

.cyloadermeta
 *(.cyloadermeta)
                0x00007fc0                cyloadablemeta_start = cy_project_type_app_for_stack_and_copier?((LENGTH (rom) - CY_FLASH_ROW_SIZE) - CY_METADATA_SIZE):((LENGTH (rom) - (CY_FLASH_ROW_SIZE * (CY_APPL_NUM - 0x1))) - CY_METADATA_SIZE)

.cyloadablemeta
 *(.cyloadablemeta)

.cyflashprotect
                0x90400000       0x20
 *(.cyflashprotect)
 .cyflashprotect
                0x90400000       0x20 .\CortexM0\ARM_GCC_541\Debug\cymetadata.o
                0x90400000                cy_meta_flashprotect

.cymeta         0x90500000        0xc
 *(.cymeta)
 .cymeta        0x90500000        0xc .\CortexM0\ARM_GCC_541\Debug\cymetadata.o
                0x90500000                cy_metadata

.cychipprotect  0x90600000        0x1
 *(.cychipprotect)
 .cychipprotect
                0x90600000        0x1 .\CortexM0\ARM_GCC_541\Debug\cymetadata.o
                0x90600000                cy_meta_chipprotect

.rel.dyn        0x00002410        0x0 load address 0x90600004
 .rel.iplt      0x00002410        0x0 d:/programs/psoccreator/psoc creator/4.1/psoc creator/import/gnu/arm/5.4.1/bin/../lib/gcc/arm-none-eabi/5.4.1/armv6-m/crtbegin.o

.stab           0x00000000       0x3c
 *(.stab)
 .stab          0x00000000       0x24 d:/programs/psoccreator/psoc creator/4.1/psoc creator/import/gnu/arm/5.4.1/bin/../lib/gcc/arm-none-eabi/5.4.1/../../../../arm-none-eabi/lib/armv6-m\libnosys.a(getpid.o)
 .stab          0x00000024       0x18 d:/programs/psoccreator/psoc creator/4.1/psoc creator/import/gnu/arm/5.4.1/bin/../lib/gcc/arm-none-eabi/5.4.1/../../../../arm-none-eabi/lib/armv6-m\libnosys.a(kill.o)
                                 0x24 (size before relaxing)

.stabstr        0x00000000       0x76
 *(.stabstr)
 .stabstr       0x00000000       0x76 d:/programs/psoccreator/psoc creator/4.1/psoc creator/import/gnu/arm/5.4.1/bin/../lib/gcc/arm-none-eabi/5.4.1/../../../../arm-none-eabi/lib/armv6-m\libnosys.a(getpid.o)

.debug
 *(.debug)

.line
 *(.line)

.debug_srcinfo
 *(.debug_srcinfo)

.debug_sfnames
 *(.debug_sfnames)

.debug_aranges  0x00000000      0x988
 *(.debug_aranges)
 .debug_aranges
                0x00000000       0x40 .\CortexM0\ARM_GCC_541\Debug\main.o
 .debug_aranges
                0x00000040       0x38 .\CortexM0\ARM_GCC_541\Debug\usbserialprotocol.o
 .debug_aranges
                0x00000078       0x40 .\CortexM0\ARM_GCC_541\Debug\cyfitter_cfg.o
 .debug_aranges
                0x000000b8       0x18 .\CortexM0\ARM_GCC_541\Debug\cymetadata.o
 .debug_aranges
                0x000000d0       0x48 .\CortexM0\ARM_GCC_541\Debug\Cm0Start.o
 .debug_aranges
                0x00000118       0x30 .\CortexM0\ARM_GCC_541\Debug\CARD.a(USER_INFO.o)
 .debug_aranges
                0x00000148       0x70 .\CortexM0\ARM_GCC_541\Debug\CARD.a(USB_UART.o)
 .debug_aranges
                0x000001b8       0x60 .\CortexM0\ARM_GCC_541\Debug\CARD.a(USB_UART_SPI_UART.o)
 .debug_aranges
                0x00000218       0x60 .\CortexM0\ARM_GCC_541\Debug\CARD.a(USB_UART_UART.o)
 .debug_aranges
                0x00000278       0x80 .\CortexM0\ARM_GCC_541\Debug\CARD.a(Reset_isr.o)
 .debug_aranges
                0x000002f8       0x48 .\CortexM0\ARM_GCC_541\Debug\CARD.a(SW1.o)
 .debug_aranges
                0x00000340       0x38 .\CortexM0\ARM_GCC_541\Debug\CARD.a(CyFlash.o)
 .debug_aranges
                0x00000378      0x180 .\CortexM0\ARM_GCC_541\Debug\CARD.a(CyLib.o)
 .debug_aranges
                0x000004f8      0x138 .\CortexM0\ARM_GCC_541\Debug\CARD.a(CyLFClk.o)
 .debug_aranges
                0x00000630       0x20 .\CortexM0\ARM_GCC_541\Debug\CARD.a(CyBootAsmGnu.o)
 .debug_aranges
                0x00000650       0x20 .\CortexM0\ARM_GCC_541\Debug\CARD.a(USB_UART_SPI_UART_INT.o)
 .debug_aranges
                0x00000670      0x318 ..\libhydrogen.cylib\CortexM0\ARM_GCC_541\Debug\libhydrogen.a(hydrogen.o)

.debug_pubnames
 *(.debug_pubnames)

.debug_info     0x00000000     0xbb0d
 *(.debug_info .gnu.linkonce.wi.*)
 .debug_info    0x00000000      0xa0c .\CortexM0\ARM_GCC_541\Debug\main.o
 .debug_info    0x00000a0c      0x3cb .\CortexM0\ARM_GCC_541\Debug\usbserialprotocol.o
 .debug_info    0x00000dd7      0x51a .\CortexM0\ARM_GCC_541\Debug\cyfitter_cfg.o
 .debug_info    0x000012f1       0xf8 .\CortexM0\ARM_GCC_541\Debug\cymetadata.o
 .debug_info    0x000013e9      0x39c .\CortexM0\ARM_GCC_541\Debug\Cm0Start.o
 .debug_info    0x00001785      0x1e0 .\CortexM0\ARM_GCC_541\Debug\CARD.a(USER_INFO.o)
 .debug_info    0x00001965      0x2fb .\CortexM0\ARM_GCC_541\Debug\CARD.a(USB_UART.o)
 .debug_info    0x00001c60      0x372 .\CortexM0\ARM_GCC_541\Debug\CARD.a(USB_UART_SPI_UART.o)
 .debug_info    0x00001fd2      0x3b1 .\CortexM0\ARM_GCC_541\Debug\CARD.a(USB_UART_UART.o)
 .debug_info    0x00002383      0x305 .\CortexM0\ARM_GCC_541\Debug\CARD.a(Reset_isr.o)
 .debug_info    0x00002688      0x19d .\CortexM0\ARM_GCC_541\Debug\CARD.a(SW1.o)
 .debug_info    0x00002825      0x33d .\CortexM0\ARM_GCC_541\Debug\CARD.a(CyFlash.o)
 .debug_info    0x00002b62      0xb0b .\CortexM0\ARM_GCC_541\Debug\CARD.a(CyLib.o)
 .debug_info    0x0000366d      0xcfe .\CortexM0\ARM_GCC_541\Debug\CARD.a(CyLFClk.o)
 .debug_info    0x0000436b       0x8a .\CortexM0\ARM_GCC_541\Debug\CARD.a(CyBootAsmGnu.o)
 .debug_info    0x000043f5      0x186 .\CortexM0\ARM_GCC_541\Debug\CARD.a(USB_UART_SPI_UART_INT.o)
 .debug_info    0x0000457b     0x7592 ..\libhydrogen.cylib\CortexM0\ARM_GCC_541\Debug\libhydrogen.a(hydrogen.o)

.debug_abbrev   0x00000000     0x18b8
 *(.debug_abbrev)
 .debug_abbrev  0x00000000      0x1c0 .\CortexM0\ARM_GCC_541\Debug\main.o
 .debug_abbrev  0x000001c0      0x121 .\CortexM0\ARM_GCC_541\Debug\usbserialprotocol.o
 .debug_abbrev  0x000002e1      0x1d4 .\CortexM0\ARM_GCC_541\Debug\cyfitter_cfg.o
 .debug_abbrev  0x000004b5       0x5d .\CortexM0\ARM_GCC_541\Debug\cymetadata.o
 .debug_abbrev  0x00000512      0x1d7 .\CortexM0\ARM_GCC_541\Debug\Cm0Start.o
 .debug_abbrev  0x000006e9       0xf8 .\CortexM0\ARM_GCC_541\Debug\CARD.a(USER_INFO.o)
 .debug_abbrev  0x000007e1      0x130 .\CortexM0\ARM_GCC_541\Debug\CARD.a(USB_UART.o)
 .debug_abbrev  0x00000911      0x168 .\CortexM0\ARM_GCC_541\Debug\CARD.a(USB_UART_SPI_UART.o)
 .debug_abbrev  0x00000a79      0x136 .\CortexM0\ARM_GCC_541\Debug\CARD.a(USB_UART_UART.o)
 .debug_abbrev  0x00000baf      0x19a .\CortexM0\ARM_GCC_541\Debug\CARD.a(Reset_isr.o)
 .debug_abbrev  0x00000d49       0xc8 .\CortexM0\ARM_GCC_541\Debug\CARD.a(SW1.o)
 .debug_abbrev  0x00000e11      0x19c .\CortexM0\ARM_GCC_541\Debug\CARD.a(CyFlash.o)
 .debug_abbrev  0x00000fad      0x1e0 .\CortexM0\ARM_GCC_541\Debug\CARD.a(CyLib.o)
 .debug_abbrev  0x0000118d      0x210 .\CortexM0\ARM_GCC_541\Debug\CARD.a(CyLFClk.o)
 .debug_abbrev  0x0000139d       0x14 .\CortexM0\ARM_GCC_541\Debug\CARD.a(CyBootAsmGnu.o)
 .debug_abbrev  0x000013b1       0x9a .\CortexM0\ARM_GCC_541\Debug\CARD.a(USB_UART_SPI_UART_INT.o)
 .debug_abbrev  0x0000144b      0x46d ..\libhydrogen.cylib\CortexM0\ARM_GCC_541\Debug\libhydrogen.a(hydrogen.o)

.debug_line     0x00000000     0x300f
 *(.debug_line)
 .debug_line    0x00000000      0x269 .\CortexM0\ARM_GCC_541\Debug\main.o
 .debug_line    0x00000269       0xf4 .\CortexM0\ARM_GCC_541\Debug\usbserialprotocol.o
 .debug_line    0x0000035d      0x198 .\CortexM0\ARM_GCC_541\Debug\cyfitter_cfg.o
 .debug_line    0x000004f5      0x133 .\CortexM0\ARM_GCC_541\Debug\cymetadata.o
 .debug_line    0x00000628      0x227 .\CortexM0\ARM_GCC_541\Debug\Cm0Start.o
 .debug_line    0x0000084f       0xcd .\CortexM0\ARM_GCC_541\Debug\CARD.a(USER_INFO.o)
 .debug_line    0x0000091c      0x163 .\CortexM0\ARM_GCC_541\Debug\CARD.a(USB_UART.o)
 .debug_line    0x00000a7f      0x156 .\CortexM0\ARM_GCC_541\Debug\CARD.a(USB_UART_SPI_UART.o)
 .debug_line    0x00000bd5      0x184 .\CortexM0\ARM_GCC_541\Debug\CARD.a(USB_UART_UART.o)
 .debug_line    0x00000d59      0x151 .\CortexM0\ARM_GCC_541\Debug\CARD.a(Reset_isr.o)
 .debug_line    0x00000eaa       0xbb .\CortexM0\ARM_GCC_541\Debug\CARD.a(SW1.o)
 .debug_line    0x00000f65      0x18d .\CortexM0\ARM_GCC_541\Debug\CARD.a(CyFlash.o)
 .debug_line    0x000010f2      0x460 .\CortexM0\ARM_GCC_541\Debug\CARD.a(CyLib.o)
 .debug_line    0x00001552      0x466 .\CortexM0\ARM_GCC_541\Debug\CARD.a(CyLFClk.o)
 .debug_line    0x000019b8       0x69 .\CortexM0\ARM_GCC_541\Debug\CARD.a(CyBootAsmGnu.o)
 .debug_line    0x00001a21       0xba .\CortexM0\ARM_GCC_541\Debug\CARD.a(USB_UART_SPI_UART_INT.o)
 .debug_line    0x00001adb     0x1534 ..\libhydrogen.cylib\CortexM0\ARM_GCC_541\Debug\libhydrogen.a(hydrogen.o)

.debug_frame    0x00000000     0x21b8
 *(.debug_frame)
 .debug_frame   0x00000000       0xa8 .\CortexM0\ARM_GCC_541\Debug\main.o
 .debug_frame   0x000000a8       0x90 .\CortexM0\ARM_GCC_541\Debug\usbserialprotocol.o
 .debug_frame   0x00000138       0xac .\CortexM0\ARM_GCC_541\Debug\cyfitter_cfg.o
 .debug_frame   0x000001e4       0xbc .\CortexM0\ARM_GCC_541\Debug\Cm0Start.o
 .debug_frame   0x000002a0       0x60 .\CortexM0\ARM_GCC_541\Debug\CARD.a(USER_INFO.o)
 .debug_frame   0x00000300      0x114 .\CortexM0\ARM_GCC_541\Debug\CARD.a(USB_UART.o)
 .debug_frame   0x00000414       0xc8 .\CortexM0\ARM_GCC_541\Debug\CARD.a(USB_UART_SPI_UART.o)
 .debug_frame   0x000004dc       0xe0 .\CortexM0\ARM_GCC_541\Debug\CARD.a(USB_UART_UART.o)
 .debug_frame   0x000005bc      0x110 .\CortexM0\ARM_GCC_541\Debug\CARD.a(Reset_isr.o)
 .debug_frame   0x000006cc       0x70 .\CortexM0\ARM_GCC_541\Debug\CARD.a(SW1.o)
 .debug_frame   0x0000073c       0x74 .\CortexM0\ARM_GCC_541\Debug\CARD.a(CyFlash.o)
 .debug_frame   0x000007b0      0x3e0 .\CortexM0\ARM_GCC_541\Debug\CARD.a(CyLib.o)
 .debug_frame   0x00000b90      0x3a8 .\CortexM0\ARM_GCC_541\Debug\CARD.a(CyLFClk.o)
 .debug_frame   0x00000f38       0x2c .\CortexM0\ARM_GCC_541\Debug\CARD.a(USB_UART_SPI_UART_INT.o)
 .debug_frame   0x00000f64      0xe74 ..\libhydrogen.cylib\CortexM0\ARM_GCC_541\Debug\libhydrogen.a(hydrogen.o)
 .debug_frame   0x00001dd8       0x20 d:/programs/psoccreator/psoc creator/4.1/psoc creator/import/gnu/arm/5.4.1/bin/../lib/gcc/arm-none-eabi/5.4.1/armv6-m\libgcc.a(_udivsi3.o)
 .debug_frame   0x00001df8       0x34 d:/programs/psoccreator/psoc creator/4.1/psoc creator/import/gnu/arm/5.4.1/bin/../lib/gcc/arm-none-eabi/5.4.1/armv6-m\libgcc.a(_muldi3.o)
 .debug_frame   0x00001e2c       0x28 d:/programs/psoccreator/psoc creator/4.1/psoc creator/import/gnu/arm/5.4.1/bin/../lib/gcc/arm-none-eabi/5.4.1/../../../../arm-none-eabi/lib/armv6-m\libg_nano.a(lib_a-abort.o)
 .debug_frame   0x00001e54       0x20 d:/programs/psoccreator/psoc creator/4.1/psoc creator/import/gnu/arm/5.4.1/bin/../lib/gcc/arm-none-eabi/5.4.1/../../../../arm-none-eabi/lib/armv6-m\libg_nano.a(lib_a-errno.o)
 .debug_frame   0x00001e74       0x28 d:/programs/psoccreator/psoc creator/4.1/psoc creator/import/gnu/arm/5.4.1/bin/../lib/gcc/arm-none-eabi/5.4.1/../../../../arm-none-eabi/lib/armv6-m\libg_nano.a(lib_a-exit.o)
 .debug_frame   0x00001e9c       0x2c d:/programs/psoccreator/psoc creator/4.1/psoc creator/import/gnu/arm/5.4.1/bin/../lib/gcc/arm-none-eabi/5.4.1/../../../../arm-none-eabi/lib/armv6-m\libg_nano.a(lib_a-init.o)
 .debug_frame   0x00001ec8       0x28 d:/programs/psoccreator/psoc creator/4.1/psoc creator/import/gnu/arm/5.4.1/bin/../lib/gcc/arm-none-eabi/5.4.1/../../../../arm-none-eabi/lib/armv6-m\libg_nano.a(lib_a-memcpy-stub.o)
 .debug_frame   0x00001ef0       0x28 d:/programs/psoccreator/psoc creator/4.1/psoc creator/import/gnu/arm/5.4.1/bin/../lib/gcc/arm-none-eabi/5.4.1/../../../../arm-none-eabi/lib/armv6-m\libg_nano.a(lib_a-memmove.o)
 .debug_frame   0x00001f18       0x20 d:/programs/psoccreator/psoc creator/4.1/psoc creator/import/gnu/arm/5.4.1/bin/../lib/gcc/arm-none-eabi/5.4.1/../../../../arm-none-eabi/lib/armv6-m\libg_nano.a(lib_a-memset.o)
 .debug_frame   0x00001f38       0xe0 d:/programs/psoccreator/psoc creator/4.1/psoc creator/import/gnu/arm/5.4.1/bin/../lib/gcc/arm-none-eabi/5.4.1/../../../../arm-none-eabi/lib/armv6-m\libg_nano.a(lib_a-signal.o)
 .debug_frame   0x00002018       0x44 d:/programs/psoccreator/psoc creator/4.1/psoc creator/import/gnu/arm/5.4.1/bin/../lib/gcc/arm-none-eabi/5.4.1/../../../../arm-none-eabi/lib/armv6-m\libg_nano.a(lib_a-signalr.o)
 .debug_frame   0x0000205c       0x20 d:/programs/psoccreator/psoc creator/4.1/psoc creator/import/gnu/arm/5.4.1/bin/../lib/gcc/arm-none-eabi/5.4.1/../../../../arm-none-eabi/lib/armv6-m\libg_nano.a(lib_a-strchr.o)
 .debug_frame   0x0000207c       0x2c d:/programs/psoccreator/psoc creator/4.1/psoc creator/import/gnu/arm/5.4.1/bin/../lib/gcc/arm-none-eabi/5.4.1/../../../../arm-none-eabi/lib/armv6-m\libg_nano.a(lib_a-nano-mallocr.o)
 .debug_frame   0x000020a8       0x48 d:/programs/psoccreator/psoc creator/4.1/psoc creator/import/gnu/arm/5.4.1/bin/../lib/gcc/arm-none-eabi/5.4.1/../../../../arm-none-eabi/lib/armv6-m\libg_nano.a(lib_a-reent.o)
 .debug_frame   0x000020f0       0x2c d:/programs/psoccreator/psoc creator/4.1/psoc creator/import/gnu/arm/5.4.1/bin/../lib/gcc/arm-none-eabi/5.4.1/../../../../arm-none-eabi/lib/armv6-m\libg_nano.a(lib_a-sbrkr.o)
 .debug_frame   0x0000211c       0x30 d:/programs/psoccreator/psoc creator/4.1/psoc creator/import/gnu/arm/5.4.1/bin/../lib/gcc/arm-none-eabi/5.4.1/../../../../arm-none-eabi/lib/armv6-m\libg_nano.a(lib_a-mlock.o)
 .debug_frame   0x0000214c       0x2c d:/programs/psoccreator/psoc creator/4.1/psoc creator/import/gnu/arm/5.4.1/bin/../lib/gcc/arm-none-eabi/5.4.1/../../../../arm-none-eabi/lib/armv6-m\libg_nano.a(lib_a-nano-freer.o)
 .debug_frame   0x00002178       0x20 d:/programs/psoccreator/psoc creator/4.1/psoc creator/import/gnu/arm/5.4.1/bin/../lib/gcc/arm-none-eabi/5.4.1/../../../../arm-none-eabi/lib/armv6-m\libnosys.a(getpid.o)
 .debug_frame   0x00002198       0x20 d:/programs/psoccreator/psoc creator/4.1/psoc creator/import/gnu/arm/5.4.1/bin/../lib/gcc/arm-none-eabi/5.4.1/../../../../arm-none-eabi/lib/armv6-m\libnosys.a(kill.o)

.debug_str      0x00000000     0x2745
 *(.debug_str)
 .debug_str     0x00000000      0x42c .\CortexM0\ARM_GCC_541\Debug\main.o
                                0x48d (size before relaxing)
 .debug_str     0x0000042c       0x94 .\CortexM0\ARM_GCC_541\Debug\usbserialprotocol.o
                                0x35e (size before relaxing)
 .debug_str     0x000004c0      0x183 .\CortexM0\ARM_GCC_541\Debug\cyfitter_cfg.o
                                0x32e (size before relaxing)
 .debug_str     0x00000643       0x59 .\CortexM0\ARM_GCC_541\Debug\cymetadata.o
                                0x1c2 (size before relaxing)
 .debug_str     0x0000069c      0x12f .\CortexM0\ARM_GCC_541\Debug\Cm0Start.o
                                0x2fb (size before relaxing)
 .debug_str     0x000007cb       0xa9 .\CortexM0\ARM_GCC_541\Debug\CARD.a(USER_INFO.o)
                                0x250 (size before relaxing)
 .debug_str     0x00000874      0x1c4 .\CortexM0\ARM_GCC_541\Debug\CARD.a(USB_UART.o)
                                0x36e (size before relaxing)
 .debug_str     0x00000a38      0x1d7 .\CortexM0\ARM_GCC_541\Debug\CARD.a(USB_UART_SPI_UART.o)
                                0x3bf (size before relaxing)
 .debug_str     0x00000c0f       0xf1 .\CortexM0\ARM_GCC_541\Debug\CARD.a(USB_UART_UART.o)
                                0x3e5 (size before relaxing)
 .debug_str     0x00000d00      0x160 .\CortexM0\ARM_GCC_541\Debug\CARD.a(Reset_isr.o)
                                0x31c (size before relaxing)
 .debug_str     0x00000e60       0x8f .\CortexM0\ARM_GCC_541\Debug\CARD.a(SW1.o)
                                0x222 (size before relaxing)
 .debug_str     0x00000eef      0x133 .\CortexM0\ARM_GCC_541\Debug\CARD.a(CyFlash.o)
                                0x328 (size before relaxing)
 .debug_str     0x00001022      0x449 .\CortexM0\ARM_GCC_541\Debug\CARD.a(CyLib.o)
                                0x6be (size before relaxing)
 .debug_str     0x0000146b      0x51d .\CortexM0\ARM_GCC_541\Debug\CARD.a(CyLFClk.o)
                                0x737 (size before relaxing)
 .debug_str     0x00001988       0x45 .\CortexM0\ARM_GCC_541\Debug\CARD.a(USB_UART_SPI_UART_INT.o)
                                0x2ab (size before relaxing)
 .debug_str     0x000019cd      0xd78 ..\libhydrogen.cylib\CortexM0\ARM_GCC_541\Debug\libhydrogen.a(hydrogen.o)
                               0x1076 (size before relaxing)

.debug_loc      0x00000000     0x9340
 *(.debug_loc)
 .debug_loc     0x00000000       0x77 .\CortexM0\ARM_GCC_541\Debug\main.o
 .debug_loc     0x00000077      0x11a .\CortexM0\ARM_GCC_541\Debug\usbserialprotocol.o
 .debug_loc     0x00000191      0x1fe .\CortexM0\ARM_GCC_541\Debug\cyfitter_cfg.o
 .debug_loc     0x0000038f      0x14f .\CortexM0\ARM_GCC_541\Debug\Cm0Start.o
 .debug_loc     0x000004de      0x1c2 .\CortexM0\ARM_GCC_541\Debug\CARD.a(USER_INFO.o)
 .debug_loc     0x000006a0       0x7e .\CortexM0\ARM_GCC_541\Debug\CARD.a(USB_UART.o)
 .debug_loc     0x0000071e      0x170 .\CortexM0\ARM_GCC_541\Debug\CARD.a(USB_UART_SPI_UART.o)
 .debug_loc     0x0000088e      0x184 .\CortexM0\ARM_GCC_541\Debug\CARD.a(USB_UART_UART.o)
 .debug_loc     0x00000a12       0x82 .\CortexM0\ARM_GCC_541\Debug\CARD.a(Reset_isr.o)
 .debug_loc     0x00000a94       0xa2 .\CortexM0\ARM_GCC_541\Debug\CARD.a(SW1.o)
 .debug_loc     0x00000b36      0x21f .\CortexM0\ARM_GCC_541\Debug\CARD.a(CyFlash.o)
 .debug_loc     0x00000d55      0x5cb .\CortexM0\ARM_GCC_541\Debug\CARD.a(CyLib.o)
 .debug_loc     0x00001320      0x9b5 .\CortexM0\ARM_GCC_541\Debug\CARD.a(CyLFClk.o)
 .debug_loc     0x00001cd5       0x3d .\CortexM0\ARM_GCC_541\Debug\CARD.a(USB_UART_SPI_UART_INT.o)
 .debug_loc     0x00001d12     0x762e ..\libhydrogen.cylib\CortexM0\ARM_GCC_541\Debug\libhydrogen.a(hydrogen.o)

.debug_macinfo
 *(.debug_macinfo)

.debug_ranges   0x00000000      0x938
 *(.debug_ranges)
 .debug_ranges  0x00000000       0x30 .\CortexM0\ARM_GCC_541\Debug\main.o
 .debug_ranges  0x00000030       0x28 .\CortexM0\ARM_GCC_541\Debug\usbserialprotocol.o
 .debug_ranges  0x00000058       0x30 .\CortexM0\ARM_GCC_541\Debug\cyfitter_cfg.o
 .debug_ranges  0x00000088       0x38 .\CortexM0\ARM_GCC_541\Debug\Cm0Start.o
 .debug_ranges  0x000000c0       0x20 .\CortexM0\ARM_GCC_541\Debug\CARD.a(USER_INFO.o)
 .debug_ranges  0x000000e0       0x60 .\CortexM0\ARM_GCC_541\Debug\CARD.a(USB_UART.o)
 .debug_ranges  0x00000140       0x50 .\CortexM0\ARM_GCC_541\Debug\CARD.a(USB_UART_SPI_UART.o)
 .debug_ranges  0x00000190       0x50 .\CortexM0\ARM_GCC_541\Debug\CARD.a(USB_UART_UART.o)
 .debug_ranges  0x000001e0       0x70 .\CortexM0\ARM_GCC_541\Debug\CARD.a(Reset_isr.o)
 .debug_ranges  0x00000250       0x38 .\CortexM0\ARM_GCC_541\Debug\CARD.a(SW1.o)
 .debug_ranges  0x00000288       0x28 .\CortexM0\ARM_GCC_541\Debug\CARD.a(CyFlash.o)
 .debug_ranges  0x000002b0      0x170 .\CortexM0\ARM_GCC_541\Debug\CARD.a(CyLib.o)
 .debug_ranges  0x00000420      0x128 .\CortexM0\ARM_GCC_541\Debug\CARD.a(CyLFClk.o)
 .debug_ranges  0x00000548       0x10 .\CortexM0\ARM_GCC_541\Debug\CARD.a(USB_UART_SPI_UART_INT.o)
 .debug_ranges  0x00000558      0x3e0 ..\libhydrogen.cylib\CortexM0\ARM_GCC_541\Debug\libhydrogen.a(hydrogen.o)

.comment        0x00000000       0x6e
 .comment       0x00000000       0x6e .\CortexM0\ARM_GCC_541\Debug\main.o
                                 0x6f (size before relaxing)
 .comment       0x0000006e       0x6f .\CortexM0\ARM_GCC_541\Debug\usbserialprotocol.o
 .comment       0x0000006e       0x6f .\CortexM0\ARM_GCC_541\Debug\cyfitter_cfg.o
 .comment       0x0000006e       0x6f .\CortexM0\ARM_GCC_541\Debug\cymetadata.o
 .comment       0x0000006e       0x6f .\CortexM0\ARM_GCC_541\Debug\Cm0Start.o
 .comment       0x0000006e       0x6f .\CortexM0\ARM_GCC_541\Debug\CARD.a(USER_INFO.o)
 .comment       0x0000006e       0x6f .\CortexM0\ARM_GCC_541\Debug\CARD.a(USB_UART.o)
 .comment       0x0000006e       0x6f .\CortexM0\ARM_GCC_541\Debug\CARD.a(USB_UART_SPI_UART.o)
 .comment       0x0000006e       0x6f .\CortexM0\ARM_GCC_541\Debug\CARD.a(USB_UART_UART.o)
 .comment       0x0000006e       0x6f .\CortexM0\ARM_GCC_541\Debug\CARD.a(Reset_isr.o)
 .comment       0x0000006e       0x6f .\CortexM0\ARM_GCC_541\Debug\CARD.a(SW1.o)
 .comment       0x0000006e       0x6f .\CortexM0\ARM_GCC_541\Debug\CARD.a(CyFlash.o)
 .comment       0x0000006e       0x6f .\CortexM0\ARM_GCC_541\Debug\CARD.a(CyLib.o)
 .comment       0x0000006e       0x6f .\CortexM0\ARM_GCC_541\Debug\CARD.a(CyLFClk.o)
 .comment       0x0000006e       0x6f .\CortexM0\ARM_GCC_541\Debug\CARD.a(USB_UART_SPI_UART_INT.o)
 .comment       0x0000006e       0x6f ..\libhydrogen.cylib\CortexM0\ARM_GCC_541\Debug\libhydrogen.a(hydrogen.o)

.debug_weaknames
 *(.debug_weaknames)

.debug_funcnames
 *(.debug_funcnames)

.debug_typenames
 *(.debug_typenames)

.debug_varnames
 *(.debug_varnames)

.note.gnu.arm.ident
 *(.note.gnu.arm.ident)

.ARM.attributes
                0x00000000       0x28
 *(.ARM.attributes)
 .ARM.attributes
                0x00000000       0x1e d:/programs/psoccreator/psoc creator/4.1/psoc creator/import/gnu/arm/5.4.1/bin/../lib/gcc/arm-none-eabi/5.4.1/armv6-m/crti.o
 .ARM.attributes
                0x0000001e       0x2c d:/programs/psoccreator/psoc creator/4.1/psoc creator/import/gnu/arm/5.4.1/bin/../lib/gcc/arm-none-eabi/5.4.1/armv6-m/crtbegin.o
 .ARM.attributes
                0x0000004a       0x1b d:/programs/psoccreator/psoc creator/4.1/psoc creator/import/gnu/arm/5.4.1/bin/../lib/gcc/arm-none-eabi/5.4.1/../../../../arm-none-eabi/lib/armv6-m/crt0.o
 .ARM.attributes
                0x00000065       0x31 .\CortexM0\ARM_GCC_541\Debug\main.o
 .ARM.attributes
                0x00000096       0x31 .\CortexM0\ARM_GCC_541\Debug\usbserialprotocol.o
 .ARM.attributes
                0x000000c7       0x31 .\CortexM0\ARM_GCC_541\Debug\cyfitter_cfg.o
 .ARM.attributes
                0x000000f8       0x31 .\CortexM0\ARM_GCC_541\Debug\cymetadata.o
 .ARM.attributes
                0x00000129       0x31 .\CortexM0\ARM_GCC_541\Debug\Cm0Start.o
 .ARM.attributes
                0x0000015a       0x31 .\CortexM0\ARM_GCC_541\Debug\CARD.a(USER_INFO.o)
 .ARM.attributes
                0x0000018b       0x31 .\CortexM0\ARM_GCC_541\Debug\CARD.a(USB_UART.o)
 .ARM.attributes
                0x000001bc       0x31 .\CortexM0\ARM_GCC_541\Debug\CARD.a(USB_UART_SPI_UART.o)
 .ARM.attributes
                0x000001ed       0x31 .\CortexM0\ARM_GCC_541\Debug\CARD.a(USB_UART_UART.o)
 .ARM.attributes
                0x0000021e       0x31 .\CortexM0\ARM_GCC_541\Debug\CARD.a(Reset_isr.o)
 .ARM.attributes
                0x0000024f       0x31 .\CortexM0\ARM_GCC_541\Debug\CARD.a(SW1.o)
 .ARM.attributes
                0x00000280       0x31 .\CortexM0\ARM_GCC_541\Debug\CARD.a(CyFlash.o)
 .ARM.attributes
                0x000002b1       0x31 .\CortexM0\ARM_GCC_541\Debug\CARD.a(CyLib.o)
 .ARM.attributes
                0x000002e2       0x31 .\CortexM0\ARM_GCC_541\Debug\CARD.a(CyLFClk.o)
 .ARM.attributes
                0x00000313       0x21 .\CortexM0\ARM_GCC_541\Debug\CARD.a(CyBootAsmGnu.o)
 .ARM.attributes
                0x00000334       0x31 .\CortexM0\ARM_GCC_541\Debug\CARD.a(USB_UART_SPI_UART_INT.o)
 .ARM.attributes
                0x00000365       0x31 ..\libhydrogen.cylib\CortexM0\ARM_GCC_541\Debug\libhydrogen.a(hydrogen.o)
 .ARM.attributes
                0x00000396       0x1e d:/programs/psoccreator/psoc creator/4.1/psoc creator/import/gnu/arm/5.4.1/bin/../lib/gcc/arm-none-eabi/5.4.1/armv6-m\libgcc.a(_udivsi3.o)
 .ARM.attributes
                0x000003b4       0x1e d:/programs/psoccreator/psoc creator/4.1/psoc creator/import/gnu/arm/5.4.1/bin/../lib/gcc/arm-none-eabi/5.4.1/armv6-m\libgcc.a(_dvmd_tls.o)
 .ARM.attributes
                0x000003d2       0x2c d:/programs/psoccreator/psoc creator/4.1/psoc creator/import/gnu/arm/5.4.1/bin/../lib/gcc/arm-none-eabi/5.4.1/armv6-m\libgcc.a(_muldi3.o)
 .ARM.attributes
                0x000003fe       0x2c d:/programs/psoccreator/psoc creator/4.1/psoc creator/import/gnu/arm/5.4.1/bin/../lib/gcc/arm-none-eabi/5.4.1/../../../../arm-none-eabi/lib/armv6-m\libg_nano.a(lib_a-abort.o)
 .ARM.attributes
                0x0000042a       0x2c d:/programs/psoccreator/psoc creator/4.1/psoc creator/import/gnu/arm/5.4.1/bin/../lib/gcc/arm-none-eabi/5.4.1/../../../../arm-none-eabi/lib/armv6-m\libg_nano.a(lib_a-errno.o)
 .ARM.attributes
                0x00000456       0x2c d:/programs/psoccreator/psoc creator/4.1/psoc creator/import/gnu/arm/5.4.1/bin/../lib/gcc/arm-none-eabi/5.4.1/../../../../arm-none-eabi/lib/armv6-m\libg_nano.a(lib_a-exit.o)
 .ARM.attributes
                0x00000482       0x2c d:/programs/psoccreator/psoc creator/4.1/psoc creator/import/gnu/arm/5.4.1/bin/../lib/gcc/arm-none-eabi/5.4.1/../../../../arm-none-eabi/lib/armv6-m\libg_nano.a(lib_a-impure.o)
 .ARM.attributes
                0x000004ae       0x2c d:/programs/psoccreator/psoc creator/4.1/psoc creator/import/gnu/arm/5.4.1/bin/../lib/gcc/arm-none-eabi/5.4.1/../../../../arm-none-eabi/lib/armv6-m\libg_nano.a(lib_a-init.o)
 .ARM.attributes
                0x000004da       0x2c d:/programs/psoccreator/psoc creator/4.1/psoc creator/import/gnu/arm/5.4.1/bin/../lib/gcc/arm-none-eabi/5.4.1/../../../../arm-none-eabi/lib/armv6-m\libg_nano.a(lib_a-memcpy-stub.o)
 .ARM.attributes
                0x00000506       0x2c d:/programs/psoccreator/psoc creator/4.1/psoc creator/import/gnu/arm/5.4.1/bin/../lib/gcc/arm-none-eabi/5.4.1/../../../../arm-none-eabi/lib/armv6-m\libg_nano.a(lib_a-memmove.o)
 .ARM.attributes
                0x00000532       0x2c d:/programs/psoccreator/psoc creator/4.1/psoc creator/import/gnu/arm/5.4.1/bin/../lib/gcc/arm-none-eabi/5.4.1/../../../../arm-none-eabi/lib/armv6-m\libg_nano.a(lib_a-memset.o)
 .ARM.attributes
                0x0000055e       0x2c d:/programs/psoccreator/psoc creator/4.1/psoc creator/import/gnu/arm/5.4.1/bin/../lib/gcc/arm-none-eabi/5.4.1/../../../../arm-none-eabi/lib/armv6-m\libg_nano.a(lib_a-signal.o)
 .ARM.attributes
                0x0000058a       0x2c d:/programs/psoccreator/psoc creator/4.1/psoc creator/import/gnu/arm/5.4.1/bin/../lib/gcc/arm-none-eabi/5.4.1/../../../../arm-none-eabi/lib/armv6-m\libg_nano.a(lib_a-signalr.o)
 .ARM.attributes
                0x000005b6       0x2c d:/programs/psoccreator/psoc creator/4.1/psoc creator/import/gnu/arm/5.4.1/bin/../lib/gcc/arm-none-eabi/5.4.1/../../../../arm-none-eabi/lib/armv6-m\libg_nano.a(lib_a-strchr.o)
 .ARM.attributes
                0x000005e2       0x2c d:/programs/psoccreator/psoc creator/4.1/psoc creator/import/gnu/arm/5.4.1/bin/../lib/gcc/arm-none-eabi/5.4.1/../../../../arm-none-eabi/lib/armv6-m\libg_nano.a(lib_a-nano-mallocr.o)
 .ARM.attributes
                0x0000060e       0x2c d:/programs/psoccreator/psoc creator/4.1/psoc creator/import/gnu/arm/5.4.1/bin/../lib/gcc/arm-none-eabi/5.4.1/../../../../arm-none-eabi/lib/armv6-m\libg_nano.a(lib_a-reent.o)
 .ARM.attributes
                0x0000063a       0x2c d:/programs/psoccreator/psoc creator/4.1/psoc creator/import/gnu/arm/5.4.1/bin/../lib/gcc/arm-none-eabi/5.4.1/../../../../arm-none-eabi/lib/armv6-m\libg_nano.a(lib_a-sbrkr.o)
 .ARM.attributes
                0x00000666       0x2c d:/programs/psoccreator/psoc creator/4.1/psoc creator/import/gnu/arm/5.4.1/bin/../lib/gcc/arm-none-eabi/5.4.1/../../../../arm-none-eabi/lib/armv6-m\libg_nano.a(lib_a-mlock.o)
 .ARM.attributes
                0x00000692       0x2c d:/programs/psoccreator/psoc creator/4.1/psoc creator/import/gnu/arm/5.4.1/bin/../lib/gcc/arm-none-eabi/5.4.1/../../../../arm-none-eabi/lib/armv6-m\libg_nano.a(lib_a-nano-freer.o)
 .ARM.attributes
                0x000006be       0x2c d:/programs/psoccreator/psoc creator/4.1/psoc creator/import/gnu/arm/5.4.1/bin/../lib/gcc/arm-none-eabi/5.4.1/armv6-m/crtend.o
 .ARM.attributes
                0x000006ea       0x1e d:/programs/psoccreator/psoc creator/4.1/psoc creator/import/gnu/arm/5.4.1/bin/../lib/gcc/arm-none-eabi/5.4.1/armv6-m/crtn.o
 .ARM.attributes
                0x00000708       0x2c d:/programs/psoccreator/psoc creator/4.1/psoc creator/import/gnu/arm/5.4.1/bin/../lib/gcc/arm-none-eabi/5.4.1/../../../../arm-none-eabi/lib/armv6-m\libnosys.a(getpid.o)
 .ARM.attributes
                0x00000734       0x2c d:/programs/psoccreator/psoc creator/4.1/psoc creator/import/gnu/arm/5.4.1/bin/../lib/gcc/arm-none-eabi/5.4.1/../../../../arm-none-eabi/lib/armv6-m\libnosys.a(kill.o)

/DISCARD/
 *(.note.GNU-stack)
OUTPUT(C:\Users\ccpow_000\Desktop\CPS\eCTF\0xBU_SSS_ATM\CARD.cydsn\CortexM0\ARM_GCC_541\Debug\CARD.elf elf32-littlearm)
